Component: Arm Compiler for Embedded 6.19 Tool: armlink [5e73cb00]

==============================================================================

Section Cross References

    startup_stm32f103xb.o(STACK) refers (Special) to heapauxi.o(.text) for __use_two_region_memory
    startup_stm32f103xb.o(HEAP) refers (Special) to heapauxi.o(.text) for __use_two_region_memory
    startup_stm32f103xb.o(RESET) refers (Special) to heapauxi.o(.text) for __use_two_region_memory
    startup_stm32f103xb.o(RESET) refers to startup_stm32f103xb.o(STACK) for __initial_sp
    startup_stm32f103xb.o(RESET) refers to startup_stm32f103xb.o(.text) for Reset_Handler
    startup_stm32f103xb.o(RESET) refers to stm32f1xx_it.o(.text.NMI_Handler) for NMI_Handler
    startup_stm32f103xb.o(RESET) refers to stm32f1xx_it.o(.text.HardFault_Handler) for HardFault_Handler
    startup_stm32f103xb.o(RESET) refers to stm32f1xx_it.o(.text.MemManage_Handler) for MemManage_Handler
    startup_stm32f103xb.o(RESET) refers to stm32f1xx_it.o(.text.BusFault_Handler) for BusFault_Handler
    startup_stm32f103xb.o(RESET) refers to stm32f1xx_it.o(.text.UsageFault_Handler) for UsageFault_Handler
    startup_stm32f103xb.o(RESET) refers to stm32f1xx_it.o(.text.SVC_Handler) for SVC_Handler
    startup_stm32f103xb.o(RESET) refers to stm32f1xx_it.o(.text.DebugMon_Handler) for DebugMon_Handler
    startup_stm32f103xb.o(RESET) refers to stm32f1xx_it.o(.text.PendSV_Handler) for PendSV_Handler
    startup_stm32f103xb.o(RESET) refers to stm32f1xx_it.o(.text.SysTick_Handler) for SysTick_Handler
    startup_stm32f103xb.o(RESET) refers to stm32f1xx_it.o(.text.TIM1_UP_IRQHandler) for TIM1_UP_IRQHandler
    startup_stm32f103xb.o(.text) refers (Special) to heapauxi.o(.text) for __use_two_region_memory
    startup_stm32f103xb.o(.text) refers to system_stm32f1xx.o(.text.SystemInit) for SystemInit
    startup_stm32f103xb.o(.text) refers to __main.o(!!!main) for __main
    startup_stm32f103xb.o(.text) refers to startup_stm32f103xb.o(HEAP) for Heap_Mem
    startup_stm32f103xb.o(.text) refers to startup_stm32f103xb.o(STACK) for Stack_Mem
    main.o(.text.main) refers to stm32f1xx_hal.o(.text.HAL_Init) for HAL_Init
    main.o(.text.main) refers to stm32f1xx_hal_rcc.o(.text.HAL_RCC_OscConfig) for HAL_RCC_OscConfig
    main.o(.text.main) refers to stm32f1xx_hal_rcc.o(.text.HAL_RCC_ClockConfig) for HAL_RCC_ClockConfig
    main.o(.text.main) refers to gpio.o(.text.MX_GPIO_Init) for MX_GPIO_Init
    main.o(.text.main) refers to spi.o(.text.MX_SPI1_Init) for MX_SPI1_Init
    main.o(.text.main) refers to tim.o(.text.MX_TIM1_Init) for MX_TIM1_Init
    main.o(.text.main) refers to tim.o(.text.MX_TIM3_Init) for MX_TIM3_Init
    main.o(.text.main) refers to usart.o(.text.MX_USART3_UART_Init) for MX_USART3_UART_Init
    main.o(.ARM.exidx.text.main) refers to main.o(.text.main) for [Anonymous Symbol]
    main.o(.text.SystemClock_Config) refers to stm32f1xx_hal_rcc.o(.text.HAL_RCC_OscConfig) for HAL_RCC_OscConfig
    main.o(.text.SystemClock_Config) refers to stm32f1xx_hal_rcc.o(.text.HAL_RCC_ClockConfig) for HAL_RCC_ClockConfig
    main.o(.ARM.exidx.text.SystemClock_Config) refers to main.o(.text.SystemClock_Config) for [Anonymous Symbol]
    main.o(.ARM.exidx.text.Error_Handler) refers to main.o(.text.Error_Handler) for [Anonymous Symbol]
    gpio.o(.text.MX_GPIO_Init) refers to stm32f1xx_hal_gpio.o(.text.HAL_GPIO_WritePin) for HAL_GPIO_WritePin
    gpio.o(.text.MX_GPIO_Init) refers to stm32f1xx_hal_gpio.o(.text.HAL_GPIO_Init) for HAL_GPIO_Init
    gpio.o(.ARM.exidx.text.MX_GPIO_Init) refers to gpio.o(.text.MX_GPIO_Init) for [Anonymous Symbol]
    spi.o(.text.MX_SPI1_Init) refers to spi.o(.bss.hspi1) for hspi1
    spi.o(.text.MX_SPI1_Init) refers to stm32f1xx_hal_spi.o(.text.HAL_SPI_Init) for HAL_SPI_Init
    spi.o(.text.MX_SPI1_Init) refers to main.o(.text.Error_Handler) for Error_Handler
    spi.o(.ARM.exidx.text.MX_SPI1_Init) refers to spi.o(.text.MX_SPI1_Init) for [Anonymous Symbol]
    spi.o(.text.HAL_SPI_MspInit) refers to stm32f1xx_hal_gpio.o(.text.HAL_GPIO_Init) for HAL_GPIO_Init
    spi.o(.ARM.exidx.text.HAL_SPI_MspInit) refers to spi.o(.text.HAL_SPI_MspInit) for [Anonymous Symbol]
    spi.o(.text.HAL_SPI_MspDeInit) refers to stm32f1xx_hal_gpio.o(.text.HAL_GPIO_DeInit) for HAL_GPIO_DeInit
    spi.o(.ARM.exidx.text.HAL_SPI_MspDeInit) refers to spi.o(.text.HAL_SPI_MspDeInit) for [Anonymous Symbol]
    tim.o(.text.MX_TIM1_Init) refers to tim.o(.bss.htim1) for htim1
    tim.o(.text.MX_TIM1_Init) refers to stm32f1xx_hal_tim.o(.text.HAL_TIM_Base_Init) for HAL_TIM_Base_Init
    tim.o(.text.MX_TIM1_Init) refers to main.o(.text.Error_Handler) for Error_Handler
    tim.o(.text.MX_TIM1_Init) refers to stm32f1xx_hal_tim.o(.text.HAL_TIM_ConfigClockSource) for HAL_TIM_ConfigClockSource
    tim.o(.text.MX_TIM1_Init) refers to stm32f1xx_hal_tim_ex.o(.text.HAL_TIMEx_MasterConfigSynchronization) for HAL_TIMEx_MasterConfigSynchronization
[...]
    Removing stm32f1xx_hal_tim.o(.ARM.exidx.text.HAL_TIM_OnePulse_ConfigChannel), (8 bytes).
    Removing stm32f1xx_hal_tim.o(.text.HAL_TIM_DMABurst_WriteStart), (28 bytes).
    Removing stm32f1xx_hal_tim.o(.ARM.exidx.text.HAL_TIM_DMABurst_WriteStart), (8 bytes).
    Removing stm32f1xx_hal_tim.o(.text.HAL_TIM_DMABurst_MultiWriteStart), (452 bytes).
    Removing stm32f1xx_hal_tim.o(.ARM.exidx.text.HAL_TIM_DMABurst_MultiWriteStart), (8 bytes).
    Removing stm32f1xx_hal_tim.o(.text.TIM_DMATriggerCplt), (20 bytes).
    Removing stm32f1xx_hal_tim.o(.ARM.exidx.text.TIM_DMATriggerCplt), (8 bytes).
    Removing stm32f1xx_hal_tim.o(.text.TIM_DMATriggerHalfCplt), (6 bytes).
    Removing stm32f1xx_hal_tim.o(.ARM.exidx.text.TIM_DMATriggerHalfCplt), (8 bytes).
    Removing stm32f1xx_hal_tim.o(.text.HAL_TIM_DMABurst_WriteStop), (132 bytes).
    Removing stm32f1xx_hal_tim.o(.ARM.exidx.text.HAL_TIM_DMABurst_WriteStop), (8 bytes).
    Removing stm32f1xx_hal_tim.o(.text.HAL_TIM_DMABurst_ReadStart), (28 bytes).
    Removing stm32f1xx_hal_tim.o(.ARM.exidx.text.HAL_TIM_DMABurst_ReadStart), (8 bytes).
    Removing stm32f1xx_hal_tim.o(.text.HAL_TIM_DMABurst_MultiReadStart), (452 bytes).
    Removing stm32f1xx_hal_tim.o(.ARM.exidx.text.HAL_TIM_DMABurst_MultiReadStart), (8 bytes).
    Removing stm32f1xx_hal_tim.o(.text.HAL_TIM_DMABurst_ReadStop), (132 bytes).
    Removing stm32f1xx_hal_tim.o(.ARM.exidx.text.HAL_TIM_DMABurst_ReadStop), (8 bytes).
    Removing stm32f1xx_hal_tim.o(.text.HAL_TIM_GenerateEvent), (36 bytes).
    Removing stm32f1xx_hal_tim.o(.ARM.exidx.text.HAL_TIM_GenerateEvent), (8 bytes).
    Removing stm32f1xx_hal_tim.o(.text.HAL_TIM_ConfigOCrefClear), (212 bytes).
    Removing stm32f1xx_hal_tim.o(.ARM.exidx.text.HAL_TIM_ConfigOCrefClear), (8 bytes).
    Removing stm32f1xx_hal_tim.o(.text.TIM_ETR_SetConfig), (22 bytes).
    Removing stm32f1xx_hal_tim.o(.ARM.exidx.text.TIM_ETR_SetConfig), (8 bytes).
    Removing stm32f1xx_hal_tim.o(.ARM.exidx.text.HAL_TIM_ConfigClockSource), (8 bytes).
    Removing stm32f1xx_hal_tim.o(.text.HAL_TIM_ConfigTI1Input), (16 bytes).
    Removing stm32f1xx_hal_tim.o(.ARM.exidx.text.HAL_TIM_ConfigTI1Input), (8 bytes).
    Removing stm32f1xx_hal_tim.o(.text.HAL_TIM_SlaveConfigSynchro), (88 bytes).
    Removing stm32f1xx_hal_tim.o(.ARM.exidx.text.HAL_TIM_SlaveConfigSynchro), (8 bytes).
    Removing stm32f1xx_hal_tim.o(.text.TIM_SlaveTimer_SetConfig), (250 bytes).
    Removing stm32f1xx_hal_tim.o(.ARM.exidx.text.TIM_SlaveTimer_SetConfig), (8 bytes).
    Removing stm32f1xx_hal_tim.o(.text.HAL_TIM_SlaveConfigSynchro_IT), (88 bytes).
    Removing stm32f1xx_hal_tim.o(.ARM.exidx.text.HAL_TIM_SlaveConfigSynchro_IT), (8 bytes).
    Removing stm32f1xx_hal_tim.o(.text.HAL_TIM_ReadCapturedValue), (52 bytes).
    Removing stm32f1xx_hal_tim.o(.ARM.exidx.text.HAL_TIM_ReadCapturedValue), (8 bytes).
    Removing stm32f1xx_hal_tim.o(.text.HAL_TIM_PeriodElapsedHalfCpltCallback), (2 bytes).
    Removing stm32f1xx_hal_tim.o(.ARM.exidx.text.HAL_TIM_PeriodElapsedHalfCpltCallback), (8 bytes).
    Removing stm32f1xx_hal_tim.o(.text.HAL_TIM_IC_CaptureHalfCpltCallback), (2 bytes).
    Removing stm32f1xx_hal_tim.o(.ARM.exidx.text.HAL_TIM_IC_CaptureHalfCpltCallback), (8 bytes).
    Removing stm32f1xx_hal_tim.o(.text.HAL_TIM_PWM_PulseFinishedHalfCpltCallback), (2 bytes).
    Removing stm32f1xx_hal_tim.o(.ARM.exidx.text.HAL_TIM_PWM_PulseFinishedHalfCpltCallback), (8 bytes).
    Removing stm32f1xx_hal_tim.o(.text.HAL_TIM_TriggerHalfCpltCallback), (2 bytes).
    Removing stm32f1xx_hal_tim.o(.ARM.exidx.text.HAL_TIM_TriggerHalfCpltCallback), (8 bytes).
    Removing stm32f1xx_hal_tim.o(.text.HAL_TIM_ErrorCallback), (2 bytes).
    Removing stm32f1xx_hal_tim.o(.ARM.exidx.text.HAL_TIM_ErrorCallback), (8 bytes).
    Removing stm32f1xx_hal_tim.o(.text.HAL_TIM_Base_GetState), (6 bytes).
    Removing stm32f1xx_hal_tim.o(.ARM.exidx.text.HAL_TIM_Base_GetState), (8 bytes).
    Removing stm32f1xx_hal_tim.o(.text.HAL_TIM_OC_GetState), (6 bytes).
    Removing stm32f1xx_hal_tim.o(.ARM.exidx.text.HAL_TIM_OC_GetState), (8 bytes).
    Removing stm32f1xx_hal_tim.o(.text.HAL_TIM_PWM_GetState), (6 bytes).
    Removing stm32f1xx_hal_tim.o(.ARM.exidx.text.HAL_TIM_PWM_GetState), (8 bytes).
    Removing stm32f1xx_hal_tim.o(.text.HAL_TIM_IC_GetState), (6 bytes).
    Removing stm32f1xx_hal_tim.o(.ARM.exidx.text.HAL_TIM_IC_GetState), (8 bytes).
    Removing stm32f1xx_hal_tim.o(.text.HAL_TIM_OnePulse_GetState), (6 bytes).
    Removing stm32f1xx_hal_tim.o(.ARM.exidx.text.HAL_TIM_OnePulse_GetState), (8 bytes).
    Removing stm32f1xx_hal_tim.o(.text.HAL_TIM_Encoder_GetState), (6 bytes).
    Removing stm32f1xx_hal_tim.o(.ARM.exidx.text.HAL_TIM_Encoder_GetState), (8 bytes).
    Removing stm32f1xx_hal_tim.o(.text.HAL_TIM_GetActiveChannel), (4 bytes).
    Removing stm32f1xx_hal_tim.o(.ARM.exidx.text.HAL_TIM_GetActiveChannel), (8 bytes).
    Removing stm32f1xx_hal_tim.o(.text.HAL_TIM_GetChannelState), (34 bytes).
    Removing stm32f1xx_hal_tim.o(.ARM.exidx.text.HAL_TIM_GetChannelState), (8 bytes).
    Removing stm32f1xx_hal_tim.o(.text.HAL_TIM_DMABurstState), (6 bytes).
    Removing stm32f1xx_hal_tim.o(.ARM.exidx.text.HAL_TIM_DMABurstState), (8 bytes).
    Removing stm32f1xx_hal_tim.o(.rodata.cst16), (32 bytes).
    Removing stm32f1xx_hal_tim_ex.o(.text), (0 bytes).
    Removing stm32f1xx_hal_tim_ex.o(.text.HAL_TIMEx_HallSensor_Init), (200 bytes).
    Removing stm32f1xx_hal_tim_ex.o(.ARM.exidx.text.HAL_TIMEx_HallSensor_Init), (8 bytes).
    Removing stm32f1xx_hal_tim_ex.o(.text.HAL_TIMEx_HallSensor_MspInit), (2 bytes).
    Removing stm32f1xx_hal_tim_ex.o(.ARM.exidx.text.HAL_TIMEx_HallSensor_MspInit), (8 bytes).
    Removing stm32f1xx_hal_tim_ex.o(.text.HAL_TIMEx_HallSensor_DeInit), (80 bytes).
    Removing stm32f1xx_hal_tim_ex.o(.ARM.exidx.text.HAL_TIMEx_HallSensor_DeInit), (8 bytes).
    Removing stm32f1xx_hal_tim_ex.o(.text.HAL_TIMEx_HallSensor_MspDeInit), (2 bytes).
    Removing stm32f1xx_hal_tim_ex.o(.ARM.exidx.text.HAL_TIMEx_HallSensor_MspDeInit), (8 bytes).
    Removing stm32f1xx_hal_tim_ex.o(.text.HAL_TIMEx_HallSensor_Start), (158 bytes).
    Removing stm32f1xx_hal_tim_ex.o(.ARM.exidx.text.HAL_TIMEx_HallSensor_Start), (8 bytes).
    Removing stm32f1xx_hal_tim_ex.o(.text.HAL_TIMEx_HallSensor_Stop), (66 bytes).
    Removing stm32f1xx_hal_tim_ex.o(.ARM.exidx.text.HAL_TIMEx_HallSensor_Stop), (8 bytes).
    Removing stm32f1xx_hal_tim_ex.o(.text.HAL_TIMEx_HallSensor_Start_IT), (166 bytes).
    Removing stm32f1xx_hal_tim_ex.o(.ARM.exidx.text.HAL_TIMEx_HallSensor_Start_IT), (8 bytes).
    Removing stm32f1xx_hal_tim_ex.o(.text.HAL_TIMEx_HallSensor_Stop_IT), (74 bytes).
    Removing stm32f1xx_hal_tim_ex.o(.ARM.exidx.text.HAL_TIMEx_HallSensor_Stop_IT), (8 bytes).
    Removing stm32f1xx_hal_tim_ex.o(.text.HAL_TIMEx_HallSensor_Start_DMA), (232 bytes).
    Removing stm32f1xx_hal_tim_ex.o(.ARM.exidx.text.HAL_TIMEx_HallSensor_Start_DMA), (8 bytes).
    Removing stm32f1xx_hal_tim_ex.o(.text.HAL_TIMEx_HallSensor_Stop_DMA), (74 bytes).
    Removing stm32f1xx_hal_tim_ex.o(.ARM.exidx.text.HAL_TIMEx_HallSensor_Stop_DMA), (8 bytes).
    Removing stm32f1xx_hal_tim_ex.o(.text.HAL_TIMEx_OCN_Start), (198 bytes).
    Removing stm32f1xx_hal_tim_ex.o(.ARM.exidx.text.HAL_TIMEx_OCN_Start), (8 bytes).
    Removing stm32f1xx_hal_tim_ex.o(.text.HAL_TIMEx_OCN_Stop), (146 bytes).
    Removing stm32f1xx_hal_tim_ex.o(.ARM.exidx.text.HAL_TIMEx_OCN_Stop), (8 bytes).
    Removing stm32f1xx_hal_tim_ex.o(.text.HAL_TIMEx_OCN_Start_IT), (214 bytes).
    Removing stm32f1xx_hal_tim_ex.o(.ARM.exidx.text.HAL_TIMEx_OCN_Start_IT), (8 bytes).
    Removing stm32f1xx_hal_tim_ex.o(.text.HAL_TIMEx_OCN_Stop_IT), (230 bytes).
    Removing stm32f1xx_hal_tim_ex.o(.ARM.exidx.text.HAL_TIMEx_OCN_Stop_IT), (8 bytes).
    Removing stm32f1xx_hal_tim_ex.o(.text.HAL_TIMEx_OCN_Start_DMA), (466 bytes).
    Removing stm32f1xx_hal_tim_ex.o(.ARM.exidx.text.HAL_TIMEx_OCN_Start_DMA), (8 bytes).
    Removing stm32f1xx_hal_tim_ex.o(.text.TIM_DMADelayPulseNCplt), (82 bytes).
    Removing stm32f1xx_hal_tim_ex.o(.ARM.exidx.text.TIM_DMADelayPulseNCplt), (8 bytes).
    Removing stm32f1xx_hal_tim_ex.o(.text.TIM_DMAErrorCCxN), (70 bytes).
    Removing stm32f1xx_hal_tim_ex.o(.ARM.exidx.text.TIM_DMAErrorCCxN), (8 bytes).
    Removing stm32f1xx_hal_tim_ex.o(.text.HAL_TIMEx_OCN_Stop_DMA), (192 bytes).
    Removing stm32f1xx_hal_tim_ex.o(.ARM.exidx.text.HAL_TIMEx_OCN_Stop_DMA), (8 bytes).
    Removing stm32f1xx_hal_tim_ex.o(.text.HAL_TIMEx_PWMN_Start), (198 bytes).
    Removing stm32f1xx_hal_tim_ex.o(.ARM.exidx.text.HAL_TIMEx_PWMN_Start), (8 bytes).
    Removing stm32f1xx_hal_tim_ex.o(.text.HAL_TIMEx_PWMN_Stop), (146 bytes).
    Removing stm32f1xx_hal_tim_ex.o(.ARM.exidx.text.HAL_TIMEx_PWMN_Stop), (8 bytes).
    Removing stm32f1xx_hal_tim_ex.o(.text.HAL_TIMEx_PWMN_Start_IT), (214 bytes).
    Removing stm32f1xx_hal_tim_ex.o(.ARM.exidx.text.HAL_TIMEx_PWMN_Start_IT), (8 bytes).
    Removing stm32f1xx_hal_tim_ex.o(.text.HAL_TIMEx_PWMN_Stop_IT), (230 bytes).
    Removing stm32f1xx_hal_tim_ex.o(.ARM.exidx.text.HAL_TIMEx_PWMN_Stop_IT), (8 bytes).
    Removing stm32f1xx_hal_tim_ex.o(.text.HAL_TIMEx_PWMN_Start_DMA), (466 bytes).
    Removing stm32f1xx_hal_tim_ex.o(.ARM.exidx.text.HAL_TIMEx_PWMN_Start_DMA), (8 bytes).
    Removing stm32f1xx_hal_tim_ex.o(.text.HAL_TIMEx_PWMN_Stop_DMA), (192 bytes).
    Removing stm32f1xx_hal_tim_ex.o(.ARM.exidx.text.HAL_TIMEx_PWMN_Stop_DMA), (8 bytes).
    Removing stm32f1xx_hal_tim_ex.o(.text.HAL_TIMEx_OnePulseN_Start), (120 bytes).
    Removing stm32f1xx_hal_tim_ex.o(.ARM.exidx.text.HAL_TIMEx_OnePulseN_Start), (8 bytes).
    Removing stm32f1xx_hal_tim_ex.o(.text.HAL_TIMEx_OnePulseN_Stop), (128 bytes).
    Removing stm32f1xx_hal_tim_ex.o(.ARM.exidx.text.HAL_TIMEx_OnePulseN_Stop), (8 bytes).
    Removing stm32f1xx_hal_tim_ex.o(.text.HAL_TIMEx_OnePulseN_Start_IT), (136 bytes).
    Removing stm32f1xx_hal_tim_ex.o(.ARM.exidx.text.HAL_TIMEx_OnePulseN_Start_IT), (8 bytes).
    Removing stm32f1xx_hal_tim_ex.o(.text.HAL_TIMEx_OnePulseN_Stop_IT), (144 bytes).
    Removing stm32f1xx_hal_tim_ex.o(.ARM.exidx.text.HAL_TIMEx_OnePulseN_Stop_IT), (8 bytes).
    Removing stm32f1xx_hal_tim_ex.o(.text.HAL_TIMEx_ConfigCommutEvent), (118 bytes).
    Removing stm32f1xx_hal_tim_ex.o(.ARM.exidx.text.HAL_TIMEx_ConfigCommutEvent), (8 bytes).
    Removing stm32f1xx_hal_tim_ex.o(.text.HAL_TIMEx_ConfigCommutEvent_IT), (118 bytes).
    Removing stm32f1xx_hal_tim_ex.o(.ARM.exidx.text.HAL_TIMEx_ConfigCommutEvent_IT), (8 bytes).
    Removing stm32f1xx_hal_tim_ex.o(.text.HAL_TIMEx_ConfigCommutEvent_DMA), (154 bytes).
    Removing stm32f1xx_hal_tim_ex.o(.ARM.exidx.text.HAL_TIMEx_ConfigCommutEvent_DMA), (8 bytes).
    Removing stm32f1xx_hal_tim_ex.o(.text.TIMEx_DMACommutationCplt), (12 bytes).
    Removing stm32f1xx_hal_tim_ex.o(.ARM.exidx.text.TIMEx_DMACommutationCplt), (8 bytes).
    Removing stm32f1xx_hal_tim_ex.o(.text.TIMEx_DMACommutationHalfCplt), (12 bytes).
    Removing stm32f1xx_hal_tim_ex.o(.ARM.exidx.text.TIMEx_DMACommutationHalfCplt), (8 bytes).
    Removing stm32f1xx_hal_tim_ex.o(.ARM.exidx.text.HAL_TIMEx_MasterConfigSynchronization), (8 bytes).
    Removing stm32f1xx_hal_tim_ex.o(.text.HAL_TIMEx_ConfigBreakDeadTime), (76 bytes).
    Removing stm32f1xx_hal_tim_ex.o(.ARM.exidx.text.HAL_TIMEx_ConfigBreakDeadTime), (8 bytes).
    Removing stm32f1xx_hal_tim_ex.o(.text.HAL_TIMEx_RemapConfig), (4 bytes).
    Removing stm32f1xx_hal_tim_ex.o(.ARM.exidx.text.HAL_TIMEx_RemapConfig), (8 bytes).
    Removing stm32f1xx_hal_tim_ex.o(.ARM.exidx.text.HAL_TIMEx_CommutCallback), (8 bytes).
    Removing stm32f1xx_hal_tim_ex.o(.text.HAL_TIMEx_CommutHalfCpltCallback), (2 bytes).
    Removing stm32f1xx_hal_tim_ex.o(.ARM.exidx.text.HAL_TIMEx_CommutHalfCpltCallback), (8 bytes).
    Removing stm32f1xx_hal_tim_ex.o(.ARM.exidx.text.HAL_TIMEx_BreakCallback), (8 bytes).
    Removing stm32f1xx_hal_tim_ex.o(.text.HAL_TIMEx_HallSensor_GetState), (6 bytes).
    Removing stm32f1xx_hal_tim_ex.o(.ARM.exidx.text.HAL_TIMEx_HallSensor_GetState), (8 bytes).
    Removing stm32f1xx_hal_tim_ex.o(.text.HAL_TIMEx_GetChannelNState), (34 bytes).
    Removing stm32f1xx_hal_tim_ex.o(.ARM.exidx.text.HAL_TIMEx_GetChannelNState), (8 bytes).
    Removing stm32f1xx_hal_uart.o(.text), (0 bytes).
    Removing stm32f1xx_hal_uart.o(.ARM.exidx.text.HAL_UART_Init), (8 bytes).
    Removing stm32f1xx_hal_uart.o(.text.HAL_UART_MspInit), (2 bytes).
    Removing stm32f1xx_hal_uart.o(.ARM.exidx.text.HAL_UART_MspInit), (8 bytes).
    Removing stm32f1xx_hal_uart.o(.text.HAL_HalfDuplex_Init), (234 bytes).
    Removing stm32f1xx_hal_uart.o(.ARM.exidx.text.HAL_HalfDuplex_Init), (8 bytes).
    Removing stm32f1xx_hal_uart.o(.text.HAL_LIN_Init), (248 bytes).
    Removing stm32f1xx_hal_uart.o(.ARM.exidx.text.HAL_LIN_Init), (8 bytes).
    Removing stm32f1xx_hal_uart.o(.text.HAL_MultiProcessor_Init), (258 bytes).
    Removing stm32f1xx_hal_uart.o(.ARM.exidx.text.HAL_MultiProcessor_Init), (8 bytes).
    Removing stm32f1xx_hal_uart.o(.text.HAL_UART_DeInit), (56 bytes).
    Removing stm32f1xx_hal_uart.o(.ARM.exidx.text.HAL_UART_DeInit), (8 bytes).
    Removing stm32f1xx_hal_uart.o(.text.HAL_UART_MspDeInit), (2 bytes).
    Removing stm32f1xx_hal_uart.o(.ARM.exidx.text.HAL_UART_MspDeInit), (8 bytes).
    Removing stm32f1xx_hal_uart.o(.text.HAL_UART_Transmit), (376 bytes).
    Removing stm32f1xx_hal_uart.o(.ARM.exidx.text.HAL_UART_Transmit), (8 bytes).
    Removing stm32f1xx_hal_uart.o(.text.HAL_UART_Receive), (542 bytes).
    Removing stm32f1xx_hal_uart.o(.ARM.exidx.text.HAL_UART_Receive), (8 bytes).
    Removing stm32f1xx_hal_uart.o(.text.HAL_UART_Transmit_IT), (56 bytes).
    Removing stm32f1xx_hal_uart.o(.ARM.exidx.text.HAL_UART_Transmit_IT), (8 bytes).
    Removing stm32f1xx_hal_uart.o(.text.HAL_UART_Receive_IT), (82 bytes).
    Removing stm32f1xx_hal_uart.o(.ARM.exidx.text.HAL_UART_Receive_IT), (8 bytes).
    Removing stm32f1xx_hal_uart.o(.text.UART_Start_Receive_IT), (50 bytes).
    Removing stm32f1xx_hal_uart.o(.ARM.exidx.text.UART_Start_Receive_IT), (8 bytes).
    Removing stm32f1xx_hal_uart.o(.text.HAL_UART_Transmit_DMA), (188 bytes).
    Removing stm32f1xx_hal_uart.o(.ARM.exidx.text.HAL_UART_Transmit_DMA), (8 bytes).
    Removing stm32f1xx_hal_uart.o(.text.UART_DMATransmitCplt), (176 bytes).
    Removing stm32f1xx_hal_uart.o(.ARM.exidx.text.UART_DMATransmitCplt), (8 bytes).
    Removing stm32f1xx_hal_uart.o(.text.UART_DMATxHalfCplt), (6 bytes).
    Removing stm32f1xx_hal_uart.o(.ARM.exidx.text.UART_DMATxHalfCplt), (8 bytes).
    Removing stm32f1xx_hal_uart.o(.text.UART_DMAError), (380 bytes).
    Removing stm32f1xx_hal_uart.o(.ARM.exidx.text.UART_DMAError), (8 bytes).
    Removing stm32f1xx_hal_uart.o(.text.HAL_UART_Receive_DMA), (352 bytes).
    Removing stm32f1xx_hal_uart.o(.ARM.exidx.text.HAL_UART_Receive_DMA), (8 bytes).
    Removing stm32f1xx_hal_uart.o(.text.UART_Start_Receive_DMA), (316 bytes).
    Removing stm32f1xx_hal_uart.o(.ARM.exidx.text.UART_Start_Receive_DMA), (8 bytes).
    Removing stm32f1xx_hal_uart.o(.text.HAL_UART_DMAPause), (342 bytes).
    Removing stm32f1xx_hal_uart.o(.ARM.exidx.text.HAL_UART_DMAPause), (8 bytes).
    Removing stm32f1xx_hal_uart.o(.text.HAL_UART_DMAResume), (348 bytes).
    Removing stm32f1xx_hal_uart.o(.ARM.exidx.text.HAL_UART_DMAResume), (8 bytes).
    Removing stm32f1xx_hal_uart.o(.text.HAL_UART_DMAStop), (540 bytes).
    Removing stm32f1xx_hal_uart.o(.ARM.exidx.text.HAL_UART_DMAStop), (8 bytes).
    Removing stm32f1xx_hal_uart.o(.text.HAL_UARTEx_ReceiveToIdle), (466 bytes).
    Removing stm32f1xx_hal_uart.o(.ARM.exidx.text.HAL_UARTEx_ReceiveToIdle), (8 bytes).
    Removing stm32f1xx_hal_uart.o(.text.HAL_UARTEx_ReceiveToIdle_IT), (200 bytes).
    Removing stm32f1xx_hal_uart.o(.ARM.exidx.text.HAL_UARTEx_ReceiveToIdle_IT), (8 bytes).
    Removing stm32f1xx_hal_uart.o(.text.HAL_UARTEx_ReceiveToIdle_DMA), (458 bytes).
    Removing stm32f1xx_hal_uart.o(.ARM.exidx.text.HAL_UARTEx_ReceiveToIdle_DMA), (8 bytes).
    Removing stm32f1xx_hal_uart.o(.text.HAL_UARTEx_GetRxEventType), (4 bytes).
    Removing stm32f1xx_hal_uart.o(.ARM.exidx.text.HAL_UARTEx_GetRxEventType), (8 bytes).
    Removing stm32f1xx_hal_uart.o(.text.HAL_UART_Abort), (482 bytes).
    Removing stm32f1xx_hal_uart.o(.ARM.exidx.text.HAL_UART_Abort), (8 bytes).
    Removing stm32f1xx_hal_uart.o(.text.HAL_UART_AbortTransmit), (208 bytes).
    Removing stm32f1xx_hal_uart.o(.ARM.exidx.text.HAL_UART_AbortTransmit), (8 bytes).
    Removing stm32f1xx_hal_uart.o(.text.HAL_UART_AbortReceive), (366 bytes).
    Removing stm32f1xx_hal_uart.o(.ARM.exidx.text.HAL_UART_AbortReceive), (8 bytes).
    Removing stm32f1xx_hal_uart.o(.text.HAL_UART_Abort_IT), (516 bytes).
    Removing stm32f1xx_hal_uart.o(.ARM.exidx.text.HAL_UART_Abort_IT), (8 bytes).
    Removing stm32f1xx_hal_uart.o(.text.UART_DMATxAbortCallback), (42 bytes).
    Removing stm32f1xx_hal_uart.o(.ARM.exidx.text.UART_DMATxAbortCallback), (8 bytes).
    Removing stm32f1xx_hal_uart.o(.text.UART_DMARxAbortCallback), (42 bytes).
    Removing stm32f1xx_hal_uart.o(.ARM.exidx.text.UART_DMARxAbortCallback), (8 bytes).
    Removing stm32f1xx_hal_uart.o(.text.HAL_UART_AbortCpltCallback), (2 bytes).
    Removing stm32f1xx_hal_uart.o(.ARM.exidx.text.HAL_UART_AbortCpltCallback), (8 bytes).
    Removing stm32f1xx_hal_uart.o(.text.HAL_UART_AbortTransmit_IT), (236 bytes).
    Removing stm32f1xx_hal_uart.o(.ARM.exidx.text.HAL_UART_AbortTransmit_IT), (8 bytes).
    Removing stm32f1xx_hal_uart.o(.text.UART_DMATxOnlyAbortCallback), (16 bytes).
    Removing stm32f1xx_hal_uart.o(.ARM.exidx.text.UART_DMATxOnlyAbortCallback), (8 bytes).
    Removing stm32f1xx_hal_uart.o(.text.HAL_UART_AbortTransmitCpltCallback), (2 bytes).
    Removing stm32f1xx_hal_uart.o(.ARM.exidx.text.HAL_UART_AbortTransmitCpltCallback), (8 bytes).
    Removing stm32f1xx_hal_uart.o(.text.HAL_UART_AbortReceive_IT), (394 bytes).
    Removing stm32f1xx_hal_uart.o(.ARM.exidx.text.HAL_UART_AbortReceive_IT), (8 bytes).
    Removing stm32f1xx_hal_uart.o(.text.UART_DMARxOnlyAbortCallback), (18 bytes).
    Removing stm32f1xx_hal_uart.o(.ARM.exidx.text.UART_DMARxOnlyAbortCallback), (8 bytes).
    Removing stm32f1xx_hal_uart.o(.text.HAL_UART_AbortReceiveCpltCallback), (2 bytes).
    Removing stm32f1xx_hal_uart.o(.ARM.exidx.text.HAL_UART_AbortReceiveCpltCallback), (8 bytes).
    Removing stm32f1xx_hal_uart.o(.text.HAL_UART_IRQHandler), (1376 bytes).
    Removing stm32f1xx_hal_uart.o(.ARM.exidx.text.HAL_UART_IRQHandler), (8 bytes).
    Removing stm32f1xx_hal_uart.o(.text.UART_Receive_IT), (254 bytes).
    Removing stm32f1xx_hal_uart.o(.ARM.exidx.text.UART_Receive_IT), (8 bytes).
    Removing stm32f1xx_hal_uart.o(.text.UART_DMAAbortOnError), (12 bytes).
    Removing stm32f1xx_hal_uart.o(.ARM.exidx.text.UART_DMAAbortOnError), (8 bytes).
    Removing stm32f1xx_hal_uart.o(.text.HAL_UART_ErrorCallback), (2 bytes).
    Removing stm32f1xx_hal_uart.o(.ARM.exidx.text.HAL_UART_ErrorCallback), (8 bytes).
    Removing stm32f1xx_hal_uart.o(.text.HAL_UARTEx_RxEventCallback), (2 bytes).
    Removing stm32f1xx_hal_uart.o(.ARM.exidx.text.HAL_UARTEx_RxEventCallback), (8 bytes).
    Removing stm32f1xx_hal_uart.o(.text.HAL_UART_TxCpltCallback), (2 bytes).
    Removing stm32f1xx_hal_uart.o(.ARM.exidx.text.HAL_UART_TxCpltCallback), (8 bytes).
    Removing stm32f1xx_hal_uart.o(.text.HAL_UART_TxHalfCpltCallback), (2 bytes).
    Removing stm32f1xx_hal_uart.o(.ARM.exidx.text.HAL_UART_TxHalfCpltCallback), (8 bytes).
    Removing stm32f1xx_hal_uart.o(.text.HAL_UART_RxCpltCallback), (2 bytes).
    Removing stm32f1xx_hal_uart.o(.ARM.exidx.text.HAL_UART_RxCpltCallback), (8 bytes).
    Removing stm32f1xx_hal_uart.o(.text.HAL_UART_RxHalfCpltCallback), (2 bytes).
    Removing stm32f1xx_hal_uart.o(.ARM.exidx.text.HAL_UART_RxHalfCpltCallback), (8 bytes).
    Removing stm32f1xx_hal_uart.o(.text.HAL_LIN_SendBreak), (114 bytes).
    Removing stm32f1xx_hal_uart.o(.ARM.exidx.text.HAL_LIN_SendBreak), (8 bytes).
    Removing stm32f1xx_hal_uart.o(.text.HAL_MultiProcessor_EnterMuteMode), (116 bytes).
    Removing stm32f1xx_hal_uart.o(.ARM.exidx.text.HAL_MultiProcessor_EnterMuteMode), (8 bytes).
    Removing stm32f1xx_hal_uart.o(.text.HAL_MultiProcessor_ExitMuteMode), (116 bytes).
    Removing stm32f1xx_hal_uart.o(.ARM.exidx.text.HAL_MultiProcessor_ExitMuteMode), (8 bytes).
    Removing stm32f1xx_hal_uart.o(.text.HAL_HalfDuplex_EnableTransmitter), (44 bytes).
    Removing stm32f1xx_hal_uart.o(.ARM.exidx.text.HAL_HalfDuplex_EnableTransmitter), (8 bytes).
    Removing stm32f1xx_hal_uart.o(.text.HAL_HalfDuplex_EnableReceiver), (46 bytes).
    Removing stm32f1xx_hal_uart.o(.ARM.exidx.text.HAL_HalfDuplex_EnableReceiver), (8 bytes).
    Removing stm32f1xx_hal_uart.o(.text.HAL_UART_GetState), (14 bytes).
    Removing stm32f1xx_hal_uart.o(.ARM.exidx.text.HAL_UART_GetState), (8 bytes).
    Removing stm32f1xx_hal_uart.o(.text.HAL_UART_GetError), (4 bytes).
    Removing stm32f1xx_hal_uart.o(.ARM.exidx.text.HAL_UART_GetError), (8 bytes).
    Removing stm32f1xx_hal_uart.o(.text.UART_DMAReceiveCplt), (350 bytes).
    Removing stm32f1xx_hal_uart.o(.ARM.exidx.text.UART_DMAReceiveCplt), (8 bytes).
    Removing stm32f1xx_hal_uart.o(.text.UART_DMARxHalfCplt), (24 bytes).
    Removing stm32f1xx_hal_uart.o(.ARM.exidx.text.UART_DMARxHalfCplt), (8 bytes).
    Removing system_stm32f1xx.o(.text), (0 bytes).
    Removing system_stm32f1xx.o(.ARM.exidx.text.SystemInit), (8 bytes).
    Removing system_stm32f1xx.o(.text.SystemCoreClockUpdate), (112 bytes).
    Removing system_stm32f1xx.o(.ARM.exidx.text.SystemCoreClockUpdate), (8 bytes).
    Removing bsp_spi.o(.text), (0 bytes).
    Removing bsp_flash.o(.text), (0 bytes).
    Removing bsp_flash.o(.text.flash_erase), (102 bytes).
    Removing bsp_flash.o(.ARM.exidx.text.flash_erase), (8 bytes).
    Removing bsp_flash.o(.text.flash_write_begin), (14 bytes).
    Removing bsp_flash.o(.ARM.exidx.text.flash_write_begin), (8 bytes).
    Removing bsp_flash.o(.text.flash_write_end), (4 bytes).
    Removing bsp_flash.o(.ARM.exidx.text.flash_write_end), (8 bytes).
    Removing bsp_flash.o(.text.flash_set_write_addr), (20 bytes).
    Removing bsp_flash.o(.ARM.exidx.text.flash_set_write_addr), (8 bytes).
    Removing bsp_flash.o(.text.flash_write_halfword), (80 bytes).
    Removing bsp_flash.o(.ARM.exidx.text.flash_write_halfword), (8 bytes).
    Removing bsp_flash.o(.text.flash_write_word), (80 bytes).
    Removing bsp_flash.o(.ARM.exidx.text.flash_write_word), (8 bytes).
    Removing bsp_flash.o(.data.stockpile_app_firmware), (16 bytes).
    Removing bsp_flash.o(.data.stockpile_quick_cali), (16 bytes).
    Removing bsp_flash.o(.data.stockpile_data), (16 bytes).
    Removing tb67h450.o(.text), (0 bytes).
    Removing tb67h450.o(.text.tb67h450_init), (4 bytes).
    Removing tb67h450.o(.ARM.exidx.text.tb67h450_init), (8 bytes).
    Removing tb67h450.o(.text.tb67h450_sleep), (62 bytes).
    Removing tb67h450.o(.ARM.exidx.text.tb67h450_sleep), (8 bytes).
    Removing tb67h450.o(.text.tb67h450_set_two_coils_current), (20 bytes).
    Removing tb67h450.o(.ARM.exidx.text.tb67h450_set_two_coils_current), (8 bytes).
    Removing tb67h450.o(.text.tb67h450_set_input_A), (34 bytes).
    Removing tb67h450.o(.ARM.exidx.text.tb67h450_set_input_A), (8 bytes).
    Removing tb67h450.o(.text.tb67h450_set_input_B), (46 bytes).
    Removing tb67h450.o(.ARM.exidx.text.tb67h450_set_input_B), (8 bytes).
    Removing tb67h450.o(.text.tb67h450_break), (62 bytes).
    Removing tb67h450.o(.ARM.exidx.text.tb67h450_break), (8 bytes).
    Removing tb67h450.o(.text.tb67h450_dac_output_voltage), (20 bytes).
    Removing tb67h450.o(.ARM.exidx.text.tb67h450_dac_output_voltage), (8 bytes).
    Removing tb67h450.o(.text.tb67h450_set_foc_current_vector), (246 bytes).
    Removing tb67h450.o(.ARM.exidx.text.tb67h450_set_foc_current_vector), (8 bytes).
    Removing tb67h450.o(.bss..L_MergedGlobals), (12 bytes).
    Removing encoder.o(.text), (0 bytes).
    Removing encoder.o(.text.encoder_init), (182 bytes).
    Removing encoder.o(.ARM.exidx.text.encoder_init), (8 bytes).
    Removing encoder.o(.text.encoder_get_angle), (650 bytes).
    Removing encoder.o(.ARM.exidx.text.encoder_get_angle), (8 bytes).
    Removing encoder.o(.text.encoder_update), (34 bytes).
    Removing encoder.o(.ARM.exidx.text.encoder_update), (8 bytes).
    Removing encoder.o(.data.Read_QuickCali_DATA), (4 bytes).
    Removing encoder.o(.bss.encoder), (10 bytes).
    Removing encoder_calibration.o(.text), (0 bytes).
    Removing encoder_calibration.o(.text.encoder_calibration_init), (28 bytes).
    Removing encoder_calibration.o(.ARM.exidx.text.encoder_calibration_init), (8 bytes).
    Removing encoder_calibration.o(.text.encoder_calibration_interrupt_callback), (348 bytes).
    Removing encoder_calibration.o(.ARM.exidx.text.encoder_calibration_interrupt_callback), (8 bytes).
    Removing encoder_calibration.o(.text.cycle_data_average), (498 bytes).
    Removing encoder_calibration.o(.ARM.exidx.text.cycle_data_average), (8 bytes).
    Removing encoder_calibration.o(.text.encoder_calibration_loop_callback), (2436 bytes).
    Removing encoder_calibration.o(.ARM.exidx.text.encoder_calibration_loop_callback), (8 bytes).
    Removing encoder_calibration.o(.bss.encode_cali), (868 bytes).
    Removing sin_map.o(.text), (0 bytes).
    Removing sin_map.o(.data.sin_pi_m2), (2050 bytes).
    Removing controller.o(.text), (0 bytes).
    Removing controller.o(.text.current_tracker_init), (76 bytes).
    Removing controller.o(.ARM.exidx.text.current_tracker_init), (8 bytes).
    Removing controller.o(.text.current_tracker_set_up_rate), (40 bytes).
    Removing controller.o(.ARM.exidx.text.current_tracker_set_up_rate), (8 bytes).
    Removing controller.o(.text.current_tracker_set_down_rate), (40 bytes).
    Removing controller.o(.ARM.exidx.text.current_tracker_set_down_rate), (8 bytes).
    Removing controller.o(.text.current_tracker_new_task), (16 bytes).
    Removing controller.o(.ARM.exidx.text.current_tracker_new_task), (8 bytes).
    Removing controller.o(.text.current_tracker_capture_goal), (254 bytes).
    Removing controller.o(.ARM.exidx.text.current_tracker_capture_goal), (8 bytes).
    Removing controller.o(.text.current_tracker_set_default), (82 bytes).
    Removing controller.o(.ARM.exidx.text.current_tracker_set_default), (8 bytes).
    Removing controller.o(.text.speed_tracker_init), (94 bytes).
    Removing controller.o(.ARM.exidx.text.speed_tracker_init), (8 bytes).
    Removing controller.o(.text.speed_tracker_set_up_acc), (46 bytes).
    Removing controller.o(.ARM.exidx.text.speed_tracker_set_up_acc), (8 bytes).
    Removing controller.o(.text.speed_tracker_set_down_acc), (42 bytes).
    Removing controller.o(.ARM.exidx.text.speed_tracker_set_down_acc), (8 bytes).
    Removing controller.o(.text.speed_tracker_new_task), (16 bytes).
    Removing controller.o(.ARM.exidx.text.speed_tracker_new_task), (8 bytes).
    Removing controller.o(.text.speed_tracker_capture_goal), (254 bytes).
    Removing controller.o(.ARM.exidx.text.speed_tracker_capture_goal), (8 bytes).
    Removing controller.o(.text.speed_tracker_set_default), (80 bytes).
    Removing controller.o(.ARM.exidx.text.speed_tracker_set_default), (8 bytes).
    Removing controller.o(.text.postion_tracker_set_maxSpeed), (46 bytes).
    Removing controller.o(.ARM.exidx.text.postion_tracker_set_maxSpeed), (8 bytes).
    Removing controller.o(.text.postion_tracker_set_up_acc), (46 bytes).
    Removing controller.o(.ARM.exidx.text.postion_tracker_set_up_acc), (8 bytes).
    Removing controller.o(.text.postion_tracker_set_down_acc), (60 bytes).
    Removing controller.o(.ARM.exidx.text.postion_tracker_set_down_acc), (8 bytes).
    Removing controller.o(.text.postion_tracker_set_default), (142 bytes).
    Removing controller.o(.ARM.exidx.text.postion_tracker_set_default), (8 bytes).
    Removing controller.o(.bss.controller), (224 bytes).

898 unused section(s) (total 58350 bytes) removed from the image.

==============================================================================

Image Symbol Table

    Local Symbols

    Symbol Name                              Value     Ov Type        Size  Object(Section)

    ../clib/angel/boardlib.s                 0x00000000   Number         0  boardinit1.o ABSOLUTE
    ../clib/angel/boardlib.s                 0x00000000   Number         0  boardinit2.o ABSOLUTE
    ../clib/angel/boardlib.s                 0x00000000   Number         0  boardinit3.o ABSOLUTE
    ../clib/angel/boardlib.s                 0x00000000   Number         0  boardshut.o ABSOLUTE
    ../clib/angel/handlers.s                 0x00000000   Number         0  __scatter_copy.o ABSOLUTE
    ../clib/angel/handlers.s                 0x00000000   Number         0  __scatter_zi.o ABSOLUTE
    ../clib/angel/kernel.s                   0x00000000   Number         0  __rtentry.o ABSOLUTE
    ../clib/angel/kernel.s                   0x00000000   Number         0  __rtentry2.o ABSOLUTE
    ../clib/angel/kernel.s                   0x00000000   Number         0  __rtentry4.o ABSOLUTE
    ../clib/angel/kernel.s                   0x00000000   Number         0  rtexit.o ABSOLUTE
    ../clib/angel/kernel.s                   0x00000000   Number         0  rtexit2.o ABSOLUTE
    ../clib/angel/rt.s                       0x00000000   Number         0  rt_raise.o ABSOLUTE
    ../clib/angel/scatter.s                  0x00000000   Number         0  __scatter.o ABSOLUTE
    ../clib/angel/startup.s                  0x00000000   Number         0  __main.o ABSOLUTE
    ../clib/angel/sys.s                      0x00000000   Number         0  sys_stackheap_outer.o ABSOLUTE
    ../clib/angel/sys.s                      0x00000000   Number         0  libspace.o ABSOLUTE
    ../clib/angel/sys.s                      0x00000000   Number         0  use_no_semi.o ABSOLUTE
    ../clib/angel/sys.s                      0x00000000   Number         0  indicate_semi.o ABSOLUTE
    ../clib/angel/sysapp.c                   0x00000000   Number         0  sys_exit.o ABSOLUTE
    ../clib/angel/sysapp.c                   0x00000000   Number         0  sys_exit_hlt.o ABSOLUTE
    ../clib/angel/sysapp.c                   0x00000000   Number         0  sys_command.o ABSOLUTE
    ../clib/angel/sysapp.c                   0x00000000   Number         0  sys_command_hlt.o ABSOLUTE
    ../clib/angel/sysapp.c                   0x00000000   Number         0  sys_wrch.o ABSOLUTE
    ../clib/angel/sysapp.c                   0x00000000   Number         0  sys_wrch_hlt.o ABSOLUTE
    ../clib/armsys.c                         0x00000000   Number         0  argv_veneer.o ABSOLUTE
    ../clib/armsys.c                         0x00000000   Number         0  argv_veneer.o ABSOLUTE
    ../clib/armsys.c                         0x00000000   Number         0  _get_argv_nomalloc.o ABSOLUTE
    ../clib/armsys.c                         0x00000000   Number         0  no_argv.o ABSOLUTE
    ../clib/heapalloc.c                      0x00000000   Number         0  hrguard.o ABSOLUTE
    ../clib/heapaux.c                        0x00000000   Number         0  heapauxi.o ABSOLUTE
    ../clib/libinit.s                        0x00000000   Number         0  libinit.o ABSOLUTE
    ../clib/libinit.s                        0x00000000   Number         0  libinit2.o ABSOLUTE
    ../clib/libinit.s                        0x00000000   Number         0  libshutdown.o ABSOLUTE
    ../clib/libinit.s                        0x00000000   Number         0  libshutdown2.o ABSOLUTE
    ../clib/signal.c                         0x00000000   Number         0  defsig_rtmem_outer.o ABSOLUTE
    ../clib/signal.c                         0x00000000   Number         0  defsig_rtmem_formal.o ABSOLUTE
    ../clib/signal.c                         0x00000000   Number         0  defsig_exit.o ABSOLUTE
    ../clib/signal.c                         0x00000000   Number         0  defsig_rtmem_inner.o ABSOLUTE
    ../clib/signal.c                         0x00000000   Number         0  __raise.o ABSOLUTE
    ../clib/signal.c                         0x00000000   Number         0  defsig_general.o ABSOLUTE
    ../clib/signal.c                         0x00000000   Number         0  defsig_abrt_inner.o ABSOLUTE
    ../clib/signal.c                         0x00000000   Number         0  defsig_fpe_inner.o ABSOLUTE
    ../clib/signal.c                         0x00000000   Number         0  defsig_rtred_inner.o ABSOLUTE
    ../clib/signal.c                         0x00000000   Number         0  defsig_stak_inner.o ABSOLUTE
    ../clib/signal.c                         0x00000000   Number         0  defsig_pvfn_inner.o ABSOLUTE
    ../clib/signal.c                         0x00000000   Number         0  defsig_cppl_inner.o ABSOLUTE
    ../clib/signal.c                         0x00000000   Number         0  defsig_segv_inner.o ABSOLUTE
    ../clib/signal.c                         0x00000000   Number         0  defsig_other.o ABSOLUTE
    ../clib/signal.s                         0x00000000   Number         0  defsig.o ABSOLUTE
    ../clib/stdlib.c                         0x00000000   Number         0  exit.o ABSOLUTE
    ../fplib/fdiv.s                          0x00000000   Number         0  fdiv.o ABSOLUTE
    ../fplib/ffix.s                          0x00000000   Number         0  ffix.o ABSOLUTE
    ../fplib/fflt.s                          0x00000000   Number         0  fflt_clz.o ABSOLUTE
    ../fplib/fnaninf.s                       0x00000000   Number         0  fnaninf.o ABSOLUTE
    ../fplib/fpinit.s                        0x00000000   Number         0  fpinit.o ABSOLUTE
    ../fplib/fpinit_empty.s                  0x00000000   Number         0  fpinit_empty.o ABSOLUTE
    ../fplib/fretinf.s                       0x00000000   Number         0  fretinf.o ABSOLUTE
    ../fplib/usenofp.s                       0x00000000   Number         0  usenofp.o ABSOLUTE
    bsp_flash.c                              0x00000000   Number         0  bsp_flash.o ABSOLUTE
    bsp_spi.c                                0x00000000   Number         0  bsp_spi.o ABSOLUTE
    controller.c                             0x00000000   Number         0  controller.o ABSOLUTE
    dc.s                                     0x00000000   Number         0  dc.o ABSOLUTE
    encoder.c                                0x00000000   Number         0  encoder.o ABSOLUTE
    encoder_calibration.c                    0x00000000   Number         0  encoder_calibration.o ABSOLUTE
    gpio.c                                   0x00000000   Number         0  gpio.o ABSOLUTE
    main.c                                   0x00000000   Number         0  main.o ABSOLUTE
    sin_map.c                                0x00000000   Number         0  sin_map.o ABSOLUTE
    spi.c                                    0x00000000   Number         0  spi.o ABSOLUTE
    startup_stm32f103xb.s                    0x00000000   Number         0  startup_stm32f103xb.o ABSOLUTE
    stm32f1xx_hal.c                          0x00000000   Number         0  stm32f1xx_hal.o ABSOLUTE
    stm32f1xx_hal_cortex.c                   0x00000000   Number         0  stm32f1xx_hal_cortex.o ABSOLUTE
    stm32f1xx_hal_dma.c                      0x00000000   Number         0  stm32f1xx_hal_dma.o ABSOLUTE
    stm32f1xx_hal_exti.c                     0x00000000   Number         0  stm32f1xx_hal_exti.o ABSOLUTE
    stm32f1xx_hal_flash.c                    0x00000000   Number         0  stm32f1xx_hal_flash.o ABSOLUTE
    stm32f1xx_hal_flash_ex.c                 0x00000000   Number         0  stm32f1xx_hal_flash_ex.o ABSOLUTE
    stm32f1xx_hal_gpio.c                     0x00000000   Number         0  stm32f1xx_hal_gpio.o ABSOLUTE
    stm32f1xx_hal_gpio_ex.c                  0x00000000   Number         0  stm32f1xx_hal_gpio_ex.o ABSOLUTE
    stm32f1xx_hal_msp.c                      0x00000000   Number         0  stm32f1xx_hal_msp.o ABSOLUTE
    stm32f1xx_hal_pwr.c                      0x00000000   Number         0  stm32f1xx_hal_pwr.o ABSOLUTE
    stm32f1xx_hal_rcc.c                      0x00000000   Number         0  stm32f1xx_hal_rcc.o ABSOLUTE
    stm32f1xx_hal_rcc_ex.c                   0x00000000   Number         0  stm32f1xx_hal_rcc_ex.o ABSOLUTE
    stm32f1xx_hal_spi.c                      0x00000000   Number         0  stm32f1xx_hal_spi.o ABSOLUTE
    stm32f1xx_hal_tim.c                      0x00000000   Number         0  stm32f1xx_hal_tim.o ABSOLUTE
    stm32f1xx_hal_tim_ex.c                   0x00000000   Number         0  stm32f1xx_hal_tim_ex.o ABSOLUTE
    stm32f1xx_hal_uart.c                     0x00000000   Number         0  stm32f1xx_hal_uart.o ABSOLUTE
    stm32f1xx_it.c                           0x00000000   Number         0  stm32f1xx_it.o ABSOLUTE
    system_stm32f1xx.c                       0x00000000   Number         0  system_stm32f1xx.o ABSOLUTE
    tb67h450.c                               0x00000000   Number         0  tb67h450.o ABSOLUTE
    tim.c                                    0x00000000   Number         0  tim.o ABSOLUTE
    usart.c                                  0x00000000   Number         0  usart.o ABSOLUTE
    RESET                                    0x08008000   Section      236  startup_stm32f103xb.o(RESET)
    !!!main                                  0x080080ec   Section        8  __main.o(!!!main)
    !!!scatter                               0x080080f4   Section       52  __scatter.o(!!!scatter)
    !!handler_copy                           0x08008128   Section       26  __scatter_copy.o(!!handler_copy)
    !!handler_zi                             0x08008144   Section       28  __scatter_zi.o(!!handler_zi)
    .ARM.Collect$$libinit$$00000000          0x08008160   Section        2  libinit.o(.ARM.Collect$$libinit$$00000000)
    .ARM.Collect$$libinit$$00000002          0x08008162   Section        0  libinit2.o(.ARM.Collect$$libinit$$00000002)
    .ARM.Collect$$libinit$$00000004          0x08008162   Section        0  libinit2.o(.ARM.Collect$$libinit$$00000004)
    .ARM.Collect$$libinit$$00000006          0x08008162   Section        0  libinit2.o(.ARM.Collect$$libinit$$00000006)
    .ARM.Collect$$libinit$$0000000C          0x08008162   Section        0  libinit2.o(.ARM.Collect$$libinit$$0000000C)
    .ARM.Collect$$libinit$$0000000E          0x08008162   Section        0  libinit2.o(.ARM.Collect$$libinit$$0000000E)
    .ARM.Collect$$libinit$$00000010          0x08008162   Section        0  libinit2.o(.ARM.Collect$$libinit$$00000010)
    .ARM.Collect$$libinit$$00000013          0x08008162   Section        0  libinit2.o(.ARM.Collect$$libinit$$00000013)
    .ARM.Collect$$libinit$$00000015          0x08008162   Section        0  libinit2.o(.ARM.Collect$$libinit$$00000015)
    .ARM.Collect$$libinit$$00000017          0x08008162   Section        0  libinit2.o(.ARM.Collect$$libinit$$00000017)
    .ARM.Collect$$libinit$$00000019          0x08008162   Section        0  libinit2.o(.ARM.Collect$$libinit$$00000019)
    .ARM.Collect$$libinit$$0000001B          0x08008162   Section        0  libinit2.o(.ARM.Collect$$libinit$$0000001B)
    .ARM.Collect$$libinit$$0000001D          0x08008162   Section        0  libinit2.o(.ARM.Collect$$libinit$$0000001D)
    .ARM.Collect$$libinit$$0000001F          0x08008162   Section        0  libinit2.o(.ARM.Collect$$libinit$$0000001F)
    .ARM.Collect$$libinit$$00000021          0x08008162   Section        0  libinit2.o(.ARM.Collect$$libinit$$00000021)
    .ARM.Collect$$libinit$$00000023          0x08008162   Section        0  libinit2.o(.ARM.Collect$$libinit$$00000023)
    .ARM.Collect$$libinit$$00000025          0x08008162   Section        0  libinit2.o(.ARM.Collect$$libinit$$00000025)
    .ARM.Collect$$libinit$$00000027          0x08008162   Section        0  libinit2.o(.ARM.Collect$$libinit$$00000027)
    .ARM.Collect$$libinit$$0000002E          0x08008162   Section        0  libinit2.o(.ARM.Collect$$libinit$$0000002E)
    .ARM.Collect$$libinit$$00000030          0x08008162   Section        0  libinit2.o(.ARM.Collect$$libinit$$00000030)
    .ARM.Collect$$libinit$$00000032          0x08008162   Section        0  libinit2.o(.ARM.Collect$$libinit$$00000032)
    .ARM.Collect$$libinit$$00000034          0x08008162   Section        0  libinit2.o(.ARM.Collect$$libinit$$00000034)
    .ARM.Collect$$libinit$$00000035          0x08008162   Section        2  libinit2.o(.ARM.Collect$$libinit$$00000035)
    .ARM.Collect$$libshutdown$$00000000      0x08008164   Section        2  libshutdown.o(.ARM.Collect$$libshutdown$$00000000)
    .ARM.Collect$$libshutdown$$00000002      0x08008166   Section        0  libshutdown2.o(.ARM.Collect$$libshutdown$$00000002)
    .ARM.Collect$$libshutdown$$00000004      0x08008166   Section        0  libshutdown2.o(.ARM.Collect$$libshutdown$$00000004)
    .ARM.Collect$$libshutdown$$00000007      0x08008166   Section        0  libshutdown2.o(.ARM.Collect$$libshutdown$$00000007)
    .ARM.Collect$$libshutdown$$0000000A      0x08008166   Section        0  libshutdown2.o(.ARM.Collect$$libshutdown$$0000000A)
    .ARM.Collect$$libshutdown$$0000000C      0x08008166   Section        0  libshutdown2.o(.ARM.Collect$$libshutdown$$0000000C)
    .ARM.Collect$$libshutdown$$0000000F      0x08008166   Section        0  libshutdown2.o(.ARM.Collect$$libshutdown$$0000000F)
    .ARM.Collect$$libshutdown$$00000010      0x08008166   Section        2  libshutdown2.o(.ARM.Collect$$libshutdown$$00000010)
    .ARM.Collect$$rtentry$$00000000          0x08008168   Section        0  __rtentry.o(.ARM.Collect$$rtentry$$00000000)
    .ARM.Collect$$rtentry$$00000002          0x08008168   Section        0  __rtentry2.o(.ARM.Collect$$rtentry$$00000002)
    .ARM.Collect$$rtentry$$00000004          0x08008168   Section        6  __rtentry4.o(.ARM.Collect$$rtentry$$00000004)
    .ARM.Collect$$rtentry$$00000009          0x0800816e   Section        0  __rtentry2.o(.ARM.Collect$$rtentry$$00000009)
    .ARM.Collect$$rtentry$$0000000A          0x0800816e   Section        4  __rtentry2.o(.ARM.Collect$$rtentry$$0000000A)
    .ARM.Collect$$rtentry$$0000000C          0x08008172   Section        0  __rtentry2.o(.ARM.Collect$$rtentry$$0000000C)
    .ARM.Collect$$rtentry$$0000000D          0x08008172   Section        8  __rtentry2.o(.ARM.Collect$$rtentry$$0000000D)
    .ARM.Collect$$rtexit$$00000000           0x0800817a   Section        2  rtexit.o(.ARM.Collect$$rtexit$$00000000)
    .ARM.Collect$$rtexit$$00000002           0x0800817c   Section        0  rtexit2.o(.ARM.Collect$$rtexit$$00000002)
    .ARM.Collect$$rtexit$$00000003           0x0800817c   Section        4  rtexit2.o(.ARM.Collect$$rtexit$$00000003)
    .ARM.Collect$$rtexit$$00000004           0x08008180   Section        6  rtexit2.o(.ARM.Collect$$rtexit$$00000004)
    .text                                    0x08008188   Section       64  startup_stm32f103xb.o(.text)
    .text                                    0x080081c8   Section        0  heapauxi.o(.text)
    .text                                    0x080081ce   Section       74  sys_stackheap_outer.o(.text)
    .text                                    0x08008218   Section        0  exit.o(.text)
    .text                                    0x0800822c   Section        8  libspace.o(.text)
    .text                                    0x08008234   Section        0  sys_exit.o(.text)
    .text                                    0x08008240   Section        2  use_no_semi.o(.text)
    .text                                    0x08008242   Section        0  indicate_semi.o(.text)
    [Anonymous Symbol]                       0x08008244   Section        0  stm32f1xx_it.o(.text.BusFault_Handler)
    [Anonymous Symbol]                       0x08008248   Section        0  stm32f1xx_it.o(.text.DebugMon_Handler)
    [Anonymous Symbol]                       0x0800824c   Section        0  main.o(.text.Error_Handler)
    [Anonymous Symbol]                       0x08008258   Section        0  stm32f1xx_hal_gpio.o(.text.HAL_GPIO_Init)
    [Anonymous Symbol]                       0x08008474   Section        0  stm32f1xx_hal_gpio.o(.text.HAL_GPIO_WritePin)
    [Anonymous Symbol]                       0x08008480   Section        0  stm32f1xx_hal.o(.text.HAL_GetTick)
    [Anonymous Symbol]                       0x0800848c   Section        0  stm32f1xx_hal.o(.text.HAL_IncTick)
    [Anonymous Symbol]                       0x080084a8   Section        0  stm32f1xx_hal.o(.text.HAL_Init)
    [Anonymous Symbol]                       0x080084d0   Section        0  stm32f1xx_hal.o(.text.HAL_InitTick)
    [Anonymous Symbol]                       0x08008518   Section        0  stm32f1xx_hal_msp.o(.text.HAL_MspInit)
    [Anonymous Symbol]                       0x0800855c   Section        0  stm32f1xx_hal_cortex.o(.text.HAL_NVIC_EnableIRQ)
    [Anonymous Symbol]                       0x08008584   Section        0  stm32f1xx_hal_cortex.o(.text.HAL_NVIC_SetPriority)
    [Anonymous Symbol]                       0x080085dc   Section        0  stm32f1xx_hal_cortex.o(.text.HAL_NVIC_SetPriorityGrouping)
    [Anonymous Symbol]                       0x080085fc   Section        0  stm32f1xx_hal_rcc.o(.text.HAL_RCC_ClockConfig)
    [Anonymous Symbol]                       0x080087bc   Section        0  stm32f1xx_hal_rcc.o(.text.HAL_RCC_GetPCLK1Freq)
    [Anonymous Symbol]                       0x080087e4   Section        0  stm32f1xx_hal_rcc.o(.text.HAL_RCC_GetPCLK2Freq)
    [Anonymous Symbol]                       0x0800880c   Section        0  stm32f1xx_hal_rcc.o(.text.HAL_RCC_OscConfig)
    [Anonymous Symbol]                       0x08008bc0   Section        0  stm32f1xx_hal_spi.o(.text.HAL_SPI_Init)
    [Anonymous Symbol]                       0x08008c6c   Section        0  spi.o(.text.HAL_SPI_MspInit)
    [Anonymous Symbol]                       0x08008ce4   Section        0  stm32f1xx_hal_cortex.o(.text.HAL_SYSTICK_Config)
    [Anonymous Symbol]                       0x08008d10   Section        0  stm32f1xx_hal_tim_ex.o(.text.HAL_TIMEx_BreakCallback)
    [Anonymous Symbol]                       0x08008d14   Section        0  stm32f1xx_hal_tim_ex.o(.text.HAL_TIMEx_CommutCallback)
    [Anonymous Symbol]                       0x08008d18   Section        0  stm32f1xx_hal_tim_ex.o(.text.HAL_TIMEx_MasterConfigSynchronization)
    [Anonymous Symbol]                       0x08008d94   Section        0  stm32f1xx_hal_tim.o(.text.HAL_TIM_Base_Init)
    [Anonymous Symbol]                       0x08008e90   Section        0  tim.o(.text.HAL_TIM_Base_MspInit)
    [Anonymous Symbol]                       0x08008ed8   Section        0  stm32f1xx_hal_tim.o(.text.HAL_TIM_ConfigClockSource)
    [Anonymous Symbol]                       0x08009074   Section        0  stm32f1xx_hal_tim.o(.text.HAL_TIM_IC_CaptureCallback)
    [Anonymous Symbol]                       0x08009078   Section        0  stm32f1xx_hal_tim.o(.text.HAL_TIM_IRQHandler)
    [Anonymous Symbol]                       0x080091c8   Section        0  stm32f1xx_hal_tim.o(.text.HAL_TIM_OC_DelayElapsedCallback)
    [Anonymous Symbol]                       0x080091cc   Section        0  stm32f1xx_hal_tim.o(.text.HAL_TIM_PWM_ConfigChannel)
    [Anonymous Symbol]                       0x080093d8   Section        0  stm32f1xx_hal_tim.o(.text.HAL_TIM_PWM_Init)
    [Anonymous Symbol]                       0x080094d4   Section        0  tim.o(.text.HAL_TIM_PWM_MspInit)
    [Anonymous Symbol]                       0x08009508   Section        0  stm32f1xx_hal_tim.o(.text.HAL_TIM_PWM_PulseFinishedCallback)
    [Anonymous Symbol]                       0x0800950c   Section        0  stm32f1xx_hal_tim.o(.text.HAL_TIM_PeriodElapsedCallback)
    [Anonymous Symbol]                       0x08009510   Section        0  stm32f1xx_hal_tim.o(.text.HAL_TIM_TriggerCallback)
    [Anonymous Symbol]                       0x08009514   Section        0  stm32f1xx_hal_uart.o(.text.HAL_UART_Init)
    [Anonymous Symbol]                       0x080095f8   Section        0  usart.o(.text.HAL_UART_MspInit)
    [Anonymous Symbol]                       0x08009674   Section        0  stm32f1xx_it.o(.text.HardFault_Handler)
    [Anonymous Symbol]                       0x08009678   Section        0  gpio.o(.text.MX_GPIO_Init)
    [Anonymous Symbol]                       0x08009718   Section        0  spi.o(.text.MX_SPI1_Init)
    [Anonymous Symbol]                       0x08009768   Section        0  tim.o(.text.MX_TIM1_Init)
    [Anonymous Symbol]                       0x080097dc   Section        0  tim.o(.text.MX_TIM3_Init)
    [Anonymous Symbol]                       0x080098d0   Section        0  usart.o(.text.MX_USART3_UART_Init)
    [Anonymous Symbol]                       0x0800990c   Section        0  stm32f1xx_it.o(.text.MemManage_Handler)
    [Anonymous Symbol]                       0x08009910   Section        0  stm32f1xx_it.o(.text.NMI_Handler)
    [Anonymous Symbol]                       0x08009914   Section        0  stm32f1xx_it.o(.text.PendSV_Handler)
    [Anonymous Symbol]                       0x08009918   Section        0  stm32f1xx_it.o(.text.SVC_Handler)
    [Anonymous Symbol]                       0x0800991c   Section        0  stm32f1xx_it.o(.text.SysTick_Handler)
    [Anonymous Symbol]                       0x08009920   Section        0  system_stm32f1xx.o(.text.SystemInit)
    [Anonymous Symbol]                       0x08009924   Section        0  stm32f1xx_it.o(.text.TIM1_UP_IRQHandler)
    [Anonymous Symbol]                       0x08009930   Section        0  stm32f1xx_it.o(.text.UsageFault_Handler)
    [Anonymous Symbol]                       0x08009934   Section        0  main.o(.text.main)
    HAL_RCC_GetSysClockFreq.aPredivFactorTable 0x080099c2   Data           2  stm32f1xx_hal_rcc.o(.rodata.HAL_RCC_GetSysClockFreq.aPredivFactorTable)
    [Anonymous Symbol]                       0x080099c2   Section        0  stm32f1xx_hal_rcc.o(.rodata.HAL_RCC_GetSysClockFreq.aPredivFactorTable)
    HAL_RCC_GetSysClockFreq.aPLLMULFactorTable 0x080099c4   Data          16  stm32f1xx_hal_rcc.o(.rodata.cst16)
    [Anonymous Symbol]                       0x080099c4   Section        0  stm32f1xx_hal_rcc.o(.rodata.cst16)
    .L_MergedGlobals                         0x20000000   Data           8  stm32f1xx_hal.o(.data..L_MergedGlobals)
    [Anonymous Symbol]                       0x20000000   Section        0  stm32f1xx_hal.o(.data..L_MergedGlobals)
    .bss                                     0x20000010   Section       96  libspace.o(.bss)
    Heap_Mem                                 0x200001a8   Data         512  startup_stm32f103xb.o(HEAP)
    HEAP                                     0x200001a8   Section      512  startup_stm32f103xb.o(HEAP)
    Stack_Mem                                0x200003a8   Data        1024  startup_stm32f103xb.o(STACK)
    STACK                                    0x200003a8   Section     1024  startup_stm32f103xb.o(STACK)
    __initial_sp                             0x200007a8   Data           0  startup_stm32f103xb.o(STACK)

    Global Symbols

    Symbol Name                              Value     Ov Type        Size  Object(Section)

    BuildAttributes$$THM_ISAv4$P$D$K$B$S$PE$A:L22UL41UL21$X:L11$S22US41US21$IEEE1$IW$~IW$USESV6$~STKCKD$USESV7$~SHL$OTIME$ROPI$EBA8$UX$STANDARDLIB$REQ8$PRES8$EABIv2 0x00000000   Number         0  anon$$obj.o ABSOLUTE
    __fp_init_empty                          0x00000000   Number         0  fpinit_empty.o ABSOLUTE
    __ARM_exceptions_init                     - Undefined Weak Reference
    __alloca_initialize                       - Undefined Weak Reference
    __arm_preinit_                            - Undefined Weak Reference
    __arm_relocate_pie_                       - Undefined Weak Reference
    __cpp_initialize__aeabi_                  - Undefined Weak Reference
    __cxa_finalize                            - Undefined Weak Reference
    __rt_locale                               - Undefined Weak Reference
    __sigvec_lookup                           - Undefined Weak Reference
    _atexit_init                              - Undefined Weak Reference
    _call_atexit_fns                          - Undefined Weak Reference
    _clock_init                               - Undefined Weak Reference
    _fp_trap_init                             - Undefined Weak Reference
    _fp_trap_shutdown                         - Undefined Weak Reference
    _get_lc_collate                           - Undefined Weak Reference
    _get_lc_ctype                             - Undefined Weak Reference
    _get_lc_monetary                          - Undefined Weak Reference
    _get_lc_numeric                           - Undefined Weak Reference
    _get_lc_time                              - Undefined Weak Reference
    _getenv_init                              - Undefined Weak Reference
    _handle_redirection                       - Undefined Weak Reference
    _init_alloc                               - Undefined Weak Reference
    _init_user_alloc                          - Undefined Weak Reference
    _initio                                   - Undefined Weak Reference
    _rand_init                                - Undefined Weak Reference
    _signal_finish                            - Undefined Weak Reference
    _signal_init                              - Undefined Weak Reference
    _terminate_alloc                          - Undefined Weak Reference
    _terminate_user_alloc                     - Undefined Weak Reference
    _terminateio                              - Undefined Weak Reference
    __Vectors_Size                           0x000000ec   Number         0  startup_stm32f103xb.o ABSOLUTE
    __Vectors                                0x08008000   Data           4  startup_stm32f103xb.o(RESET)
    __Vectors_End                            0x080080ec   Data           0  startup_stm32f103xb.o(RESET)
    __main                                   0x080080ed   Thumb Code     8  __main.o(!!!main)
    __scatterload                            0x080080f5   Thumb Code     0  __scatter.o(!!!scatter)
    __scatterload_rt2                        0x080080f5   Thumb Code    44  __scatter.o(!!!scatter)
    __scatterload_rt2_thumb_only             0x080080f5   Thumb Code     0  __scatter.o(!!!scatter)
    __scatterload_null                       0x08008103   Thumb Code     0  __scatter.o(!!!scatter)
    __scatterload_copy                       0x08008129   Thumb Code    26  __scatter_copy.o(!!handler_copy)
    __scatterload_zeroinit                   0x08008145   Thumb Code    28  __scatter_zi.o(!!handler_zi)
    __rt_lib_init                            0x08008161   Thumb Code     0  libinit.o(.ARM.Collect$$libinit$$00000000)
    __rt_lib_init_alloca_1                   0x08008163   Thumb Code     0  libinit2.o(.ARM.Collect$$libinit$$00000030)
    __rt_lib_init_argv_1                     0x08008163   Thumb Code     0  libinit2.o(.ARM.Collect$$libinit$$0000002E)
    __rt_lib_init_atexit_1                   0x08008163   Thumb Code     0  libinit2.o(.ARM.Collect$$libinit$$0000001D)
    __rt_lib_init_clock_1                    0x08008163   Thumb Code     0  libinit2.o(.ARM.Collect$$libinit$$00000023)
    __rt_lib_init_cpp_1                      0x08008163   Thumb Code     0  libinit2.o(.ARM.Collect$$libinit$$00000034)
    __rt_lib_init_exceptions_1               0x08008163   Thumb Code     0  libinit2.o(.ARM.Collect$$libinit$$00000032)
    __rt_lib_init_fp_1                       0x08008163   Thumb Code     0  libinit2.o(.ARM.Collect$$libinit$$00000002)
    __rt_lib_init_fp_trap_1                  0x08008163   Thumb Code     0  libinit2.o(.ARM.Collect$$libinit$$00000021)
    __rt_lib_init_getenv_1                   0x08008163   Thumb Code     0  libinit2.o(.ARM.Collect$$libinit$$00000025)
    __rt_lib_init_heap_1                     0x08008163   Thumb Code     0  libinit2.o(.ARM.Collect$$libinit$$0000000C)
    __rt_lib_init_lc_collate_1               0x08008163   Thumb Code     0  libinit2.o(.ARM.Collect$$libinit$$00000013)
    __rt_lib_init_lc_ctype_1                 0x08008163   Thumb Code     0  libinit2.o(.ARM.Collect$$libinit$$00000015)
    __rt_lib_init_lc_monetary_1              0x08008163   Thumb Code     0  libinit2.o(.ARM.Collect$$libinit$$00000017)
    __rt_lib_init_lc_numeric_1               0x08008163   Thumb Code     0  libinit2.o(.ARM.Collect$$libinit$$00000019)
    __rt_lib_init_lc_time_1                  0x08008163   Thumb Code     0  libinit2.o(.ARM.Collect$$libinit$$0000001B)
    __rt_lib_init_preinit_1                  0x08008163   Thumb Code     0  libinit2.o(.ARM.Collect$$libinit$$00000006)
    __rt_lib_init_rand_1                     0x08008163   Thumb Code     0  libinit2.o(.ARM.Collect$$libinit$$00000010)
    __rt_lib_init_relocate_pie_1             0x08008163   Thumb Code     0  libinit2.o(.ARM.Collect$$libinit$$00000004)
    __rt_lib_init_return                     0x08008163   Thumb Code     0  libinit2.o(.ARM.Collect$$libinit$$00000035)
    __rt_lib_init_signal_1                   0x08008163   Thumb Code     0  libinit2.o(.ARM.Collect$$libinit$$0000001F)
    __rt_lib_init_stdio_1                    0x08008163   Thumb Code     0  libinit2.o(.ARM.Collect$$libinit$$00000027)
    __rt_lib_init_user_alloc_1               0x08008163   Thumb Code     0  libinit2.o(.ARM.Collect$$libinit$$0000000E)
    __rt_lib_shutdown                        0x08008165   Thumb Code     0  libshutdown.o(.ARM.Collect$$libshutdown$$00000000)
    __rt_lib_shutdown_cpp_1                  0x08008167   Thumb Code     0  libshutdown2.o(.ARM.Collect$$libshutdown$$00000002)
    __rt_lib_shutdown_fp_trap_1              0x08008167   Thumb Code     0  libshutdown2.o(.ARM.Collect$$libshutdown$$00000007)
    __rt_lib_shutdown_heap_1                 0x08008167   Thumb Code     0  libshutdown2.o(.ARM.Collect$$libshutdown$$0000000F)
    __rt_lib_shutdown_return                 0x08008167   Thumb Code     0  libshutdown2.o(.ARM.Collect$$libshutdown$$00000010)
    __rt_lib_shutdown_signal_1               0x08008167   Thumb Code     0  libshutdown2.o(.ARM.Collect$$libshutdown$$0000000A)
    __rt_lib_shutdown_stdio_1                0x08008167   Thumb Code     0  libshutdown2.o(.ARM.Collect$$libshutdown$$00000004)
    __rt_lib_shutdown_user_alloc_1           0x08008167   Thumb Code     0  libshutdown2.o(.ARM.Collect$$libshutdown$$0000000C)
    __rt_entry                               0x08008169   Thumb Code     0  __rtentry.o(.ARM.Collect$$rtentry$$00000000)
    __rt_entry_presh_1                       0x08008169   Thumb Code     0  __rtentry2.o(.ARM.Collect$$rtentry$$00000002)
    __rt_entry_sh                            0x08008169   Thumb Code     0  __rtentry4.o(.ARM.Collect$$rtentry$$00000004)
    __rt_entry_li                            0x0800816f   Thumb Code     0  __rtentry2.o(.ARM.Collect$$rtentry$$0000000A)
    __rt_entry_postsh_1                      0x0800816f   Thumb Code     0  __rtentry2.o(.ARM.Collect$$rtentry$$00000009)
    __rt_entry_main                          0x08008173   Thumb Code     0  __rtentry2.o(.ARM.Collect$$rtentry$$0000000D)
    __rt_entry_postli_1                      0x08008173   Thumb Code     0  __rtentry2.o(.ARM.Collect$$rtentry$$0000000C)
    __rt_exit                                0x0800817b   Thumb Code     0  rtexit.o(.ARM.Collect$$rtexit$$00000000)
    __rt_exit_ls                             0x0800817d   Thumb Code     0  rtexit2.o(.ARM.Collect$$rtexit$$00000003)
    __rt_exit_prels_1                        0x0800817d   Thumb Code     0  rtexit2.o(.ARM.Collect$$rtexit$$00000002)
    __rt_exit_exit                           0x08008181   Thumb Code     0  rtexit2.o(.ARM.Collect$$rtexit$$00000004)
    Reset_Handler                            0x08008189   Thumb Code     8  startup_stm32f103xb.o(.text)
    ADC1_2_IRQHandler                        0x080081a3   Thumb Code     0  startup_stm32f103xb.o(.text)
    CAN1_RX1_IRQHandler                      0x080081a3   Thumb Code     0  startup_stm32f103xb.o(.text)
    CAN1_SCE_IRQHandler                      0x080081a3   Thumb Code     0  startup_stm32f103xb.o(.text)
    DMA1_Channel1_IRQHandler                 0x080081a3   Thumb Code     0  startup_stm32f103xb.o(.text)
    DMA1_Channel2_IRQHandler                 0x080081a3   Thumb Code     0  startup_stm32f103xb.o(.text)
    DMA1_Channel3_IRQHandler                 0x080081a3   Thumb Code     0  startup_stm32f103xb.o(.text)
    DMA1_Channel4_IRQHandler                 0x080081a3   Thumb Code     0  startup_stm32f103xb.o(.text)
    DMA1_Channel5_IRQHandler                 0x080081a3   Thumb Code     0  startup_stm32f103xb.o(.text)
    DMA1_Channel6_IRQHandler                 0x080081a3   Thumb Code     0  startup_stm32f103xb.o(.text)
    DMA1_Channel7_IRQHandler                 0x080081a3   Thumb Code     0  startup_stm32f103xb.o(.text)
    EXTI0_IRQHandler                         0x080081a3   Thumb Code     0  startup_stm32f103xb.o(.text)
    EXTI15_10_IRQHandler                     0x080081a3   Thumb Code     0  startup_stm32f103xb.o(.text)
    EXTI1_IRQHandler                         0x080081a3   Thumb Code     0  startup_stm32f103xb.o(.text)
    EXTI2_IRQHandler                         0x080081a3   Thumb Code     0  startup_stm32f103xb.o(.text)
    EXTI3_IRQHandler                         0x080081a3   Thumb Code     0  startup_stm32f103xb.o(.text)
    EXTI4_IRQHandler                         0x080081a3   Thumb Code     0  startup_stm32f103xb.o(.text)
    EXTI9_5_IRQHandler                       0x080081a3   Thumb Code     0  startup_stm32f103xb.o(.text)
    FLASH_IRQHandler                         0x080081a3   Thumb Code     0  startup_stm32f103xb.o(.text)
    I2C1_ER_IRQHandler                       0x080081a3   Thumb Code     0  startup_stm32f103xb.o(.text)
    I2C1_EV_IRQHandler                       0x080081a3   Thumb Code     0  startup_stm32f103xb.o(.text)
    I2C2_ER_IRQHandler                       0x080081a3   Thumb Code     0  startup_stm32f103xb.o(.text)
    I2C2_EV_IRQHandler                       0x080081a3   Thumb Code     0  startup_stm32f103xb.o(.text)
    PVD_IRQHandler                           0x080081a3   Thumb Code     0  startup_stm32f103xb.o(.text)
    RCC_IRQHandler                           0x080081a3   Thumb Code     0  startup_stm32f103xb.o(.text)
    RTC_Alarm_IRQHandler                     0x080081a3   Thumb Code     0  startup_stm32f103xb.o(.text)
    RTC_IRQHandler                           0x080081a3   Thumb Code     0  startup_stm32f103xb.o(.text)
    SPI1_IRQHandler                          0x080081a3   Thumb Code     0  startup_stm32f103xb.o(.text)
    SPI2_IRQHandler                          0x080081a3   Thumb Code     0  startup_stm32f103xb.o(.text)
    TAMPER_IRQHandler                        0x080081a3   Thumb Code     0  startup_stm32f103xb.o(.text)
    TIM1_BRK_IRQHandler                      0x080081a3   Thumb Code     0  startup_stm32f103xb.o(.text)
    TIM1_CC_IRQHandler                       0x080081a3   Thumb Code     0  startup_stm32f103xb.o(.text)
    TIM1_TRG_COM_IRQHandler                  0x080081a3   Thumb Code     0  startup_stm32f103xb.o(.text)
    TIM2_IRQHandler                          0x080081a3   Thumb Code     0  startup_stm32f103xb.o(.text)
    TIM3_IRQHandler                          0x080081a3   Thumb Code     0  startup_stm32f103xb.o(.text)
    TIM4_IRQHandler                          0x080081a3   Thumb Code     0  startup_stm32f103xb.o(.text)
    USART1_IRQHandler                        0x080081a3   Thumb Code     0  startup_stm32f103xb.o(.text)
    USART2_IRQHandler                        0x080081a3   Thumb Code     0  startup_stm32f103xb.o(.text)
    USART3_IRQHandler                        0x080081a3   Thumb Code     0  startup_stm32f103xb.o(.text)
    USBWakeUp_IRQHandler                     0x080081a3   Thumb Code     0  startup_stm32f103xb.o(.text)
    USB_HP_CAN1_TX_IRQHandler                0x080081a3   Thumb Code     0  startup_stm32f103xb.o(.text)
    USB_LP_CAN1_RX0_IRQHandler               0x080081a3   Thumb Code     0  startup_stm32f103xb.o(.text)
    WWDG_IRQHandler                          0x080081a3   Thumb Code     0  startup_stm32f103xb.o(.text)
    __user_initial_stackheap                 0x080081a5   Thumb Code     0  startup_stm32f103xb.o(.text)
    __use_two_region_memory                  0x080081c9   Thumb Code     2  heapauxi.o(.text)
    __rt_heap_escrow$2region                 0x080081cb   Thumb Code     2  heapauxi.o(.text)
    __rt_heap_expand$2region                 0x080081cd   Thumb Code     2  heapauxi.o(.text)
    __user_setup_stackheap                   0x080081cf   Thumb Code    74  sys_stackheap_outer.o(.text)
    exit                                     0x08008219   Thumb Code    18  exit.o(.text)
    __user_libspace                          0x0800822d   Thumb Code     8  libspace.o(.text)
    __user_perproc_libspace                  0x0800822d   Thumb Code     0  libspace.o(.text)
    __user_perthread_libspace                0x0800822d   Thumb Code     0  libspace.o(.text)
    _sys_exit                                0x08008235   Thumb Code     8  sys_exit.o(.text)
    __I$use$semihosting                      0x08008241   Thumb Code     0  use_no_semi.o(.text)
    __use_no_semihosting_swi                 0x08008241   Thumb Code     2  use_no_semi.o(.text)
    __semihosting_library_function           0x08008243   Thumb Code     0  indicate_semi.o(.text)
    BusFault_Handler                         0x08008245   Thumb Code     2  stm32f1xx_it.o(.text.BusFault_Handler)
    DebugMon_Handler                         0x08008249   Thumb Code     2  stm32f1xx_it.o(.text.DebugMon_Handler)
    Error_Handler                            0x0800824d   Thumb Code    10  main.o(.text.Error_Handler)
    HAL_GPIO_Init                            0x08008259   Thumb Code   538  stm32f1xx_hal_gpio.o(.text.HAL_GPIO_Init)
    HAL_GPIO_WritePin                        0x08008475   Thumb Code    10  stm32f1xx_hal_gpio.o(.text.HAL_GPIO_WritePin)
    HAL_GetTick                              0x08008481   Thumb Code    12  stm32f1xx_hal.o(.text.HAL_GetTick)
    HAL_IncTick                              0x0800848d   Thumb Code    26  stm32f1xx_hal.o(.text.HAL_IncTick)
    HAL_Init                                 0x080084a9   Thumb Code    38  stm32f1xx_hal.o(.text.HAL_Init)
    HAL_InitTick                             0x080084d1   Thumb Code    72  stm32f1xx_hal.o(.text.HAL_InitTick)
    HAL_MspInit                              0x08008519   Thumb Code    66  stm32f1xx_hal_msp.o(.text.HAL_MspInit)
    HAL_NVIC_EnableIRQ                       0x0800855d   Thumb Code    38  stm32f1xx_hal_cortex.o(.text.HAL_NVIC_EnableIRQ)
    HAL_NVIC_SetPriority                     0x08008585   Thumb Code    86  stm32f1xx_hal_cortex.o(.text.HAL_NVIC_SetPriority)
    HAL_NVIC_SetPriorityGrouping             0x080085dd   Thumb Code    32  stm32f1xx_hal_cortex.o(.text.HAL_NVIC_SetPriorityGrouping)
    HAL_RCC_ClockConfig                      0x080085fd   Thumb Code   446  stm32f1xx_hal_rcc.o(.text.HAL_RCC_ClockConfig)
    HAL_RCC_GetPCLK1Freq                     0x080087bd   Thumb Code    38  stm32f1xx_hal_rcc.o(.text.HAL_RCC_GetPCLK1Freq)
    HAL_RCC_GetPCLK2Freq                     0x080087e5   Thumb Code    38  stm32f1xx_hal_rcc.o(.text.HAL_RCC_GetPCLK2Freq)
    HAL_RCC_OscConfig                        0x0800880d   Thumb Code   948  stm32f1xx_hal_rcc.o(.text.HAL_RCC_OscConfig)
    HAL_SPI_Init                             0x08008bc1   Thumb Code   172  stm32f1xx_hal_spi.o(.text.HAL_SPI_Init)
    HAL_SPI_MspInit                          0x08008c6d   Thumb Code   118  spi.o(.text.HAL_SPI_MspInit)
    HAL_SYSTICK_Config                       0x08008ce5   Thumb Code    44  stm32f1xx_hal_cortex.o(.text.HAL_SYSTICK_Config)
    HAL_TIMEx_BreakCallback                  0x08008d11   Thumb Code     2  stm32f1xx_hal_tim_ex.o(.text.HAL_TIMEx_BreakCallback)
    HAL_TIMEx_CommutCallback                 0x08008d15   Thumb Code     2  stm32f1xx_hal_tim_ex.o(.text.HAL_TIMEx_CommutCallback)
    HAL_TIMEx_MasterConfigSynchronization    0x08008d19   Thumb Code   122  stm32f1xx_hal_tim_ex.o(.text.HAL_TIMEx_MasterConfigSynchronization)
    HAL_TIM_Base_Init                        0x08008d95   Thumb Code   250  stm32f1xx_hal_tim.o(.text.HAL_TIM_Base_Init)
    HAL_TIM_Base_MspInit                     0x08008e91   Thumb Code    70  tim.o(.text.HAL_TIM_Base_MspInit)
    HAL_TIM_ConfigClockSource                0x08008ed9   Thumb Code   412  stm32f1xx_hal_tim.o(.text.HAL_TIM_ConfigClockSource)
    HAL_TIM_IC_CaptureCallback               0x08009075   Thumb Code     2  stm32f1xx_hal_tim.o(.text.HAL_TIM_IC_CaptureCallback)
    HAL_TIM_IRQHandler                       0x08009079   Thumb Code   334  stm32f1xx_hal_tim.o(.text.HAL_TIM_IRQHandler)
    HAL_TIM_OC_DelayElapsedCallback          0x080091c9   Thumb Code     2  stm32f1xx_hal_tim.o(.text.HAL_TIM_OC_DelayElapsedCallback)
    HAL_TIM_PWM_ConfigChannel                0x080091cd   Thumb Code   524  stm32f1xx_hal_tim.o(.text.HAL_TIM_PWM_ConfigChannel)
    HAL_TIM_PWM_Init                         0x080093d9   Thumb Code   250  stm32f1xx_hal_tim.o(.text.HAL_TIM_PWM_Init)
    HAL_TIM_PWM_MspInit                      0x080094d5   Thumb Code    50  tim.o(.text.HAL_TIM_PWM_MspInit)
    HAL_TIM_PWM_PulseFinishedCallback        0x08009509   Thumb Code     2  stm32f1xx_hal_tim.o(.text.HAL_TIM_PWM_PulseFinishedCallback)
    HAL_TIM_PeriodElapsedCallback            0x0800950d   Thumb Code     2  stm32f1xx_hal_tim.o(.text.HAL_TIM_PeriodElapsedCallback)
    HAL_TIM_TriggerCallback                  0x08009511   Thumb Code     2  stm32f1xx_hal_tim.o(.text.HAL_TIM_TriggerCallback)
    HAL_UART_Init                            0x08009515   Thumb Code   226  stm32f1xx_hal_uart.o(.text.HAL_UART_Init)
    HAL_UART_MspInit                         0x080095f9   Thumb Code   122  usart.o(.text.HAL_UART_MspInit)
    HardFault_Handler                        0x08009675   Thumb Code     2  stm32f1xx_it.o(.text.HardFault_Handler)
    MX_GPIO_Init                             0x08009679   Thumb Code   160  gpio.o(.text.MX_GPIO_Init)
    MX_SPI1_Init                             0x08009719   Thumb Code    78  spi.o(.text.MX_SPI1_Init)
    MX_TIM1_Init                             0x08009769   Thumb Code   116  tim.o(.text.MX_TIM1_Init)
    MX_TIM3_Init                             0x080097dd   Thumb Code   242  tim.o(.text.MX_TIM3_Init)
    MX_USART3_UART_Init                      0x080098d1   Thumb Code    60  usart.o(.text.MX_USART3_UART_Init)
    MemManage_Handler                        0x0800990d   Thumb Code     2  stm32f1xx_it.o(.text.MemManage_Handler)
    NMI_Handler                              0x08009911   Thumb Code     2  stm32f1xx_it.o(.text.NMI_Handler)
    PendSV_Handler                           0x08009915   Thumb Code     2  stm32f1xx_it.o(.text.PendSV_Handler)
    SVC_Handler                              0x08009919   Thumb Code     2  stm32f1xx_it.o(.text.SVC_Handler)
    SysTick_Handler                          0x0800991d   Thumb Code     4  stm32f1xx_it.o(.text.SysTick_Handler)
    SystemInit                               0x08009921   Thumb Code     2  system_stm32f1xx.o(.text.SystemInit)
    TIM1_UP_IRQHandler                       0x08009925   Thumb Code    12  stm32f1xx_it.o(.text.TIM1_UP_IRQHandler)
    UsageFault_Handler                       0x08009931   Thumb Code     2  stm32f1xx_it.o(.text.UsageFault_Handler)
    main                                     0x08009935   Thumb Code   118  main.o(.text.main)
    AHBPrescTable                            0x080099aa   Data          16  system_stm32f1xx.o(.rodata.AHBPrescTable)
    APBPrescTable                            0x080099ba   Data           8  system_stm32f1xx.o(.rodata.APBPrescTable)
    Region$$Table$$Base                      0x080099d4   Number         0  anon$$obj.o(Region$$Table)
    Region$$Table$$Limit                     0x080099f4   Number         0  anon$$obj.o(Region$$Table)
    uwTickFreq                               0x20000000   Data           1  stm32f1xx_hal.o(.data..L_MergedGlobals)
    uwTickPrio                               0x20000004   Data           4  stm32f1xx_hal.o(.data..L_MergedGlobals)
    SystemCoreClock                          0x20000008   Data           4  system_stm32f1xx.o(.data.SystemCoreClock)
    __libspace_start                         0x20000010   Data          96  libspace.o(.bss)
    __temporary_stack_top$libspace           0x20000070   Data           0  libspace.o(.bss)
    hspi1                                    0x20000070   Data          88  spi.o(.bss.hspi1)
    htim1                                    0x200000c8   Data          72  tim.o(.bss.htim1)
    htim3                                    0x20000110   Data          72  tim.o(.bss.htim3)
    huart3                                   0x20000158   Data          72  usart.o(.bss.huart3)
    uwTick                                   0x200001a0   Data           4  stm32f1xx_hal.o(.bss.uwTick)



==============================================================================

Memory Map of the image

  Image Entry point : 0x080080ed

  Load Region LR_IROM1 (Base: 0x08008000, Size: 0x00001a08, Max: 0x00010000, ABSOLUTE)

    Execution Region ER_IROM1 (Exec base: 0x08008000, Load base: 0x08008000, Size: 0x000019f4, Max: 0x00010000, ABSOLUTE)

    Exec Addr    Load Addr    Size         Type   Attr      Idx    E Section Name        Object

    0x08008000   0x08008000   0x000000ec   Data   RO            3    RESET               startup_stm32f103xb.o
    0x080080ec   0x080080ec   0x00000008   Code   RO         1171  * !!!main             c_w.l(__main.o)
    0x080080f4   0x080080f4   0x00000034   Code   RO         1355    !!!scatter          c_w.l(__scatter.o)
    0x08008128   0x08008128   0x0000001a   Code   RO         1357    !!handler_copy      c_w.l(__scatter_copy.o)
    0x08008142   0x08008142   0x00000002   PAD
    0x08008144   0x08008144   0x0000001c   Code   RO         1359    !!handler_zi        c_w.l(__scatter_zi.o)
    0x08008160   0x08008160   0x00000002   Code   RO         1217    .ARM.Collect$$libinit$$00000000  c_w.l(libinit.o)
    0x08008162   0x08008162   0x00000000   Code   RO         1224    .ARM.Collect$$libinit$$00000002  c_w.l(libinit2.o)
    0x08008162   0x08008162   0x00000000   Code   RO         1226    .ARM.Collect$$libinit$$00000004  c_w.l(libinit2.o)
    0x08008162   0x08008162   0x00000000   Code   RO         1228    .ARM.Collect$$libinit$$00000006  c_w.l(libinit2.o)
    0x08008162   0x08008162   0x00000000   Code   RO         1231    .ARM.Collect$$libinit$$0000000C  c_w.l(libinit2.o)
    0x08008162   0x08008162   0x00000000   Code   RO         1233    .ARM.Collect$$libinit$$0000000E  c_w.l(libinit2.o)
    0x08008162   0x08008162   0x00000000   Code   RO         1235    .ARM.Collect$$libinit$$00000010  c_w.l(libinit2.o)
    0x08008162   0x08008162   0x00000000   Code   RO         1238    .ARM.Collect$$libinit$$00000013  c_w.l(libinit2.o)
    0x08008162   0x08008162   0x00000000   Code   RO         1240    .ARM.Collect$$libinit$$00000015  c_w.l(libinit2.o)
    0x08008162   0x08008162   0x00000000   Code   RO         1242    .ARM.Collect$$libinit$$00000017  c_w.l(libinit2.o)
    0x08008162   0x08008162   0x00000000   Code   RO         1244    .ARM.Collect$$libinit$$00000019  c_w.l(libinit2.o)
    0x08008162   0x08008162   0x00000000   Code   RO         1246    .ARM.Collect$$libinit$$0000001B  c_w.l(libinit2.o)
    0x08008162   0x08008162   0x00000000   Code   RO         1248    .ARM.Collect$$libinit$$0000001D  c_w.l(libinit2.o)
    0x08008162   0x08008162   0x00000000   Code   RO         1250    .ARM.Collect$$libinit$$0000001F  c_w.l(libinit2.o)
    0x08008162   0x08008162   0x00000000   Code   RO         1252    .ARM.Collect$$libinit$$00000021  c_w.l(libinit2.o)
    0x08008162   0x08008162   0x00000000   Code   RO         1254    .ARM.Collect$$libinit$$00000023  c_w.l(libinit2.o)
    0x08008162   0x08008162   0x00000000   Code   RO         1256    .ARM.Collect$$libinit$$00000025  c_w.l(libinit2.o)
    0x08008162   0x08008162   0x00000000   Code   RO         1258    .ARM.Collect$$libinit$$00000027  c_w.l(libinit2.o)
    0x08008162   0x08008162   0x00000000   Code   RO         1262    .ARM.Collect$$libinit$$0000002E  c_w.l(libinit2.o)
    0x08008162   0x08008162   0x00000000   Code   RO         1264    .ARM.Collect$$libinit$$00000030  c_w.l(libinit2.o)
    0x08008162   0x08008162   0x00000000   Code   RO         1266    .ARM.Collect$$libinit$$00000032  c_w.l(libinit2.o)
    0x08008162   0x08008162   0x00000000   Code   RO         1268    .ARM.Collect$$libinit$$00000034  c_w.l(libinit2.o)
    0x08008162   0x08008162   0x00000002   Code   RO         1269    .ARM.Collect$$libinit$$00000035  c_w.l(libinit2.o)
    0x08008164   0x08008164   0x00000002   Code   RO         1291    .ARM.Collect$$libshutdown$$00000000  c_w.l(libshutdown.o)
    0x08008166   0x08008166   0x00000000   Code   RO         1306    .ARM.Collect$$libshutdown$$00000002  c_w.l(libshutdown2.o)
    0x08008166   0x08008166   0x00000000   Code   RO         1308    .ARM.Collect$$libshutdown$$00000004  c_w.l(libshutdown2.o)
    0x08008166   0x08008166   0x00000000   Code   RO         1311    .ARM.Collect$$libshutdown$$00000007  c_w.l(libshutdown2.o)
    0x08008166   0x08008166   0x00000000   Code   RO         1314    .ARM.Collect$$libshutdown$$0000000A  c_w.l(libshutdown2.o)
    0x08008166   0x08008166   0x00000000   Code   RO         1316    .ARM.Collect$$libshutdown$$0000000C  c_w.l(libshutdown2.o)
    0x08008166   0x08008166   0x00000000   Code   RO         1319    .ARM.Collect$$libshutdown$$0000000F  c_w.l(libshutdown2.o)
    0x08008166   0x08008166   0x00000002   Code   RO         1320    .ARM.Collect$$libshutdown$$00000010  c_w.l(libshutdown2.o)
    0x08008168   0x08008168   0x00000000   Code   RO         1187    .ARM.Collect$$rtentry$$00000000  c_w.l(__rtentry.o)
    0x08008168   0x08008168   0x00000000   Code   RO         1194    .ARM.Collect$$rtentry$$00000002  c_w.l(__rtentry2.o)
    0x08008168   0x08008168   0x00000006   Code   RO         1206    .ARM.Collect$$rtentry$$00000004  c_w.l(__rtentry4.o)
    0x0800816e   0x0800816e   0x00000000   Code   RO         1196    .ARM.Collect$$rtentry$$00000009  c_w.l(__rtentry2.o)
    0x0800816e   0x0800816e   0x00000004   Code   RO         1197    .ARM.Collect$$rtentry$$0000000A  c_w.l(__rtentry2.o)
    0x08008172   0x08008172   0x00000000   Code   RO         1199    .ARM.Collect$$rtentry$$0000000C  c_w.l(__rtentry2.o)
    0x08008172   0x08008172   0x00000008   Code   RO         1200    .ARM.Collect$$rtentry$$0000000D  c_w.l(__rtentry2.o)
    0x0800817a   0x0800817a   0x00000002   Code   RO         1221    .ARM.Collect$$rtexit$$00000000  c_w.l(rtexit.o)
    0x0800817c   0x0800817c   0x00000000   Code   RO         1271    .ARM.Collect$$rtexit$$00000002  c_w.l(rtexit2.o)
    0x0800817c   0x0800817c   0x00000004   Code   RO         1272    .ARM.Collect$$rtexit$$00000003  c_w.l(rtexit2.o)
    0x08008180   0x08008180   0x00000006   Code   RO         1273    .ARM.Collect$$rtexit$$00000004  c_w.l(rtexit2.o)
    0x08008186   0x08008186   0x00000002   PAD
    0x08008188   0x08008188   0x00000040   Code   RO            4    .text               startup_stm32f103xb.o
    0x080081c8   0x080081c8   0x00000006   Code   RO         1169    .text               c_w.l(heapauxi.o)
    0x080081ce   0x080081ce   0x0000004a   Code   RO         1208    .text               c_w.l(sys_stackheap_outer.o)
    0x08008218   0x08008218   0x00000012   Code   RO         1210    .text               c_w.l(exit.o)
    0x0800822a   0x0800822a   0x00000002   PAD
    0x0800822c   0x0800822c   0x00000008   Code   RO         1218    .text               c_w.l(libspace.o)
    0x08008234   0x08008234   0x0000000c   Code   RO         1281    .text               c_w.l(sys_exit.o)
    0x08008240   0x08008240   0x00000002   Code   RO         1296    .text               c_w.l(use_no_semi.o)
    0x08008242   0x08008242   0x00000000   Code   RO         1298    .text               c_w.l(indicate_semi.o)
    0x08008242   0x08008242   0x00000002   PAD
    0x08008244   0x08008244   0x00000002   Code   RO           94    .text.BusFault_Handler  stm32f1xx_it.o
    0x08008246   0x08008246   0x00000002   PAD
    0x08008248   0x08008248   0x00000002   Code   RO          100    .text.DebugMon_Handler  stm32f1xx_it.o
    0x0800824a   0x0800824a   0x00000002   PAD
    0x0800824c   0x0800824c   0x0000000a   Code   RO           15    .text.Error_Handler  main.o
    0x08008256   0x08008256   0x00000002   PAD
    0x08008258   0x08008258   0x0000021a   Code   RO          364    .text.HAL_GPIO_Init  stm32f1xx_hal_gpio.o
    0x08008472   0x08008472   0x00000002   PAD
    0x08008474   0x08008474   0x0000000a   Code   RO          370    .text.HAL_GPIO_WritePin  stm32f1xx_hal_gpio.o
    0x0800847e   0x0800847e   0x00000002   PAD
    0x08008480   0x08008480   0x0000000c   Code   RO          264    .text.HAL_GetTick   stm32f1xx_hal.o
    0x0800848c   0x0800848c   0x0000001a   Code   RO          262    .text.HAL_IncTick   stm32f1xx_hal.o
    0x080084a6   0x080084a6   0x00000002   PAD
    0x080084a8   0x080084a8   0x00000026   Code   RO          252    .text.HAL_Init      stm32f1xx_hal.o
    0x080084ce   0x080084ce   0x00000002   PAD
    0x080084d0   0x080084d0   0x00000048   Code   RO          254    .text.HAL_InitTick  stm32f1xx_hal.o
    0x08008518   0x08008518   0x00000042   Code   RO          115    .text.HAL_MspInit   stm32f1xx_hal_msp.o
    0x0800855a   0x0800855a   0x00000002   PAD
    0x0800855c   0x0800855c   0x00000026   Code   RO          424    .text.HAL_NVIC_EnableIRQ  stm32f1xx_hal_cortex.o
    0x08008582   0x08008582   0x00000002   PAD
    0x08008584   0x08008584   0x00000056   Code   RO          422    .text.HAL_NVIC_SetPriority  stm32f1xx_hal_cortex.o
    0x080085da   0x080085da   0x00000002   PAD
    0x080085dc   0x080085dc   0x00000020   Code   RO          420    .text.HAL_NVIC_SetPriorityGrouping  stm32f1xx_hal_cortex.o
    0x080085fc   0x080085fc   0x000001be   Code   RO          316    .text.HAL_RCC_ClockConfig  stm32f1xx_hal_rcc.o
    0x080087ba   0x080087ba   0x00000002   PAD
    0x080087bc   0x080087bc   0x00000026   Code   RO          328    .text.HAL_RCC_GetPCLK1Freq  stm32f1xx_hal_rcc.o
    0x080087e2   0x080087e2   0x00000002   PAD
    0x080087e4   0x080087e4   0x00000026   Code   RO          330    .text.HAL_RCC_GetPCLK2Freq  stm32f1xx_hal_rcc.o
    0x0800880a   0x0800880a   0x00000002   PAD
    0x0800880c   0x0800880c   0x000003b4   Code   RO          314    .text.HAL_RCC_OscConfig  stm32f1xx_hal_rcc.o
    0x08008bc0   0x08008bc0   0x000000ac   Code   RO          138    .text.HAL_SPI_Init  stm32f1xx_hal_spi.o
    0x08008c6c   0x08008c6c   0x00000076   Code   RO           36    .text.HAL_SPI_MspInit  spi.o
    0x08008ce2   0x08008ce2   0x00000002   PAD
    0x08008ce4   0x08008ce4   0x0000002c   Code   RO          432    .text.HAL_SYSTICK_Config  stm32f1xx_hal_cortex.o
    0x08008d10   0x08008d10   0x00000002   Code   RO          890    .text.HAL_TIMEx_BreakCallback  stm32f1xx_hal_tim_ex.o
    0x08008d12   0x08008d12   0x00000002   PAD
    0x08008d14   0x08008d14   0x00000002   Code   RO          886    .text.HAL_TIMEx_CommutCallback  stm32f1xx_hal_tim_ex.o
    0x08008d16   0x08008d16   0x00000002   PAD
    0x08008d18   0x08008d18   0x0000007a   Code   RO          880    .text.HAL_TIMEx_MasterConfigSynchronization  stm32f1xx_hal_tim_ex.o
    0x08008d92   0x08008d92   0x00000002   PAD
    0x08008d94   0x08008d94   0x000000fa   Code   RO          585    .text.HAL_TIM_Base_Init  stm32f1xx_hal_tim.o
    0x08008e8e   0x08008e8e   0x00000002   PAD
    0x08008e90   0x08008e90   0x00000046   Code   RO           55    .text.HAL_TIM_Base_MspInit  tim.o
    0x08008ed6   0x08008ed6   0x00000002   PAD
    0x08008ed8   0x08008ed8   0x0000019c   Code   RO          765    .text.HAL_TIM_ConfigClockSource  stm32f1xx_hal_tim.o
    0x08009074   0x08009074   0x00000002   Code   RO          721    .text.HAL_TIM_IC_CaptureCallback  stm32f1xx_hal_tim.o
    0x08009076   0x08009076   0x00000002   PAD
    0x08009078   0x08009078   0x0000014e   Code   RO          719    .text.HAL_TIM_IRQHandler  stm32f1xx_hal_tim.o
    0x080091c6   0x080091c6   0x00000002   PAD
    0x080091c8   0x080091c8   0x00000002   Code   RO          723    .text.HAL_TIM_OC_DelayElapsedCallback  stm32f1xx_hal_tim.o
    0x080091ca   0x080091ca   0x00000002   PAD
    0x080091cc   0x080091cc   0x0000020c   Code   RO          739    .text.HAL_TIM_PWM_ConfigChannel  stm32f1xx_hal_tim.o
    0x080093d8   0x080093d8   0x000000fa   Code   RO          639    .text.HAL_TIM_PWM_Init  stm32f1xx_hal_tim.o
    0x080094d2   0x080094d2   0x00000002   PAD
    0x080094d4   0x080094d4   0x00000032   Code   RO           57    .text.HAL_TIM_PWM_MspInit  tim.o
    0x08009506   0x08009506   0x00000002   PAD
    0x08009508   0x08009508   0x00000002   Code   RO          725    .text.HAL_TIM_PWM_PulseFinishedCallback  stm32f1xx_hal_tim.o
    0x0800950a   0x0800950a   0x00000002   PAD
    0x0800950c   0x0800950c   0x00000002   Code   RO          727    .text.HAL_TIM_PeriodElapsedCallback  stm32f1xx_hal_tim.o
    0x0800950e   0x0800950e   0x00000002   PAD
    0x08009510   0x08009510   0x00000002   Code   RO          729    .text.HAL_TIM_TriggerCallback  stm32f1xx_hal_tim.o
    0x08009512   0x08009512   0x00000002   PAD
    0x08009514   0x08009514   0x000000e2   Code   RO          904    .text.HAL_UART_Init  stm32f1xx_hal_uart.o
    0x080095f6   0x080095f6   0x00000002   PAD
    0x080095f8   0x080095f8   0x0000007a   Code   RO           75    .text.HAL_UART_MspInit  usart.o
    0x08009672   0x08009672   0x00000002   PAD
    0x08009674   0x08009674   0x00000002   Code   RO           90    .text.HardFault_Handler  stm32f1xx_it.o
    0x08009676   0x08009676   0x00000002   PAD
    0x08009678   0x08009678   0x000000a0   Code   RO           25    .text.MX_GPIO_Init  gpio.o
    0x08009718   0x08009718   0x0000004e   Code   RO           34    .text.MX_SPI1_Init  spi.o
    0x08009766   0x08009766   0x00000002   PAD
    0x08009768   0x08009768   0x00000074   Code   RO           49    .text.MX_TIM1_Init  tim.o
    0x080097dc   0x080097dc   0x000000f2   Code   RO           51    .text.MX_TIM3_Init  tim.o
    0x080098ce   0x080098ce   0x00000002   PAD
    0x080098d0   0x080098d0   0x0000003c   Code   RO           73    .text.MX_USART3_UART_Init  usart.o
    0x0800990c   0x0800990c   0x00000002   Code   RO           92    .text.MemManage_Handler  stm32f1xx_it.o
    0x0800990e   0x0800990e   0x00000002   PAD
    0x08009910   0x08009910   0x00000002   Code   RO           88    .text.NMI_Handler   stm32f1xx_it.o
    0x08009912   0x08009912   0x00000002   PAD
    0x08009914   0x08009914   0x00000002   Code   RO          102    .text.PendSV_Handler  stm32f1xx_it.o
    0x08009916   0x08009916   0x00000002   PAD
    0x08009918   0x08009918   0x00000002   Code   RO           98    .text.SVC_Handler   stm32f1xx_it.o
    0x0800991a   0x0800991a   0x00000002   PAD
    0x0800991c   0x0800991c   0x00000004   Code   RO          104    .text.SysTick_Handler  stm32f1xx_it.o
    0x08009920   0x08009920   0x00000002   Code   RO         1024    .text.SystemInit    system_stm32f1xx.o
    0x08009922   0x08009922   0x00000002   PAD
    0x08009924   0x08009924   0x0000000c   Code   RO          106    .text.TIM1_UP_IRQHandler  stm32f1xx_it.o
    0x08009930   0x08009930   0x00000002   Code   RO           96    .text.UsageFault_Handler  stm32f1xx_it.o
    0x08009932   0x08009932   0x00000002   PAD
    0x08009934   0x08009934   0x00000076   Code   RO           11    .text.main          main.o
    0x080099aa   0x080099aa   0x00000010   Data   RO         1029    .rodata.AHBPrescTable  system_stm32f1xx.o
    0x080099ba   0x080099ba   0x00000008   Data   RO         1030    .rodata.APBPrescTable  system_stm32f1xx.o
    0x080099c2   0x080099c2   0x00000002   Data   RO          341    .rodata.HAL_RCC_GetSysClockFreq.aPredivFactorTable  stm32f1xx_hal_rcc.o
    0x080099c4   0x080099c4   0x00000010   Data   RO          340    .rodata.cst16       stm32f1xx_hal_rcc.o
    0x080099d4   0x080099d4   0x00000020   Data   RO         1354    Region$$Table       anon$$obj.o


    Execution Region RW_IRAM1 (Exec base: 0x20000000, Load base: 0x080099f8, Size: 0x000007a8, Max: 0x00005000, ABSOLUTE)

    Exec Addr    Load Addr    Size         Type   Attr      Idx    E Section Name        Object

    0x20000000   0x080099f8   0x00000008   Data   RW          303    .data..L_MergedGlobals  stm32f1xx_hal.o
    0x20000008   0x08009a00   0x00000004   Data   RW         1028    .data.SystemCoreClock  system_stm32f1xx.o
    0x2000000c   0x08009a04   0x00000004   PAD
    0x20000010        -       0x00000060   Zero   RW         1219    .bss                c_w.l(libspace.o)
    0x20000070        -       0x00000058   Zero   RW           40    .bss.hspi1          spi.o
    0x200000c8        -       0x00000048   Zero   RW           63    .bss.htim1          tim.o
    0x20000110        -       0x00000048   Zero   RW           64    .bss.htim3          tim.o
    0x20000158        -       0x00000048   Zero   RW           79    .bss.huart3         usart.o
    0x200001a0        -       0x00000004   Zero   RW          302    .bss.uwTick         stm32f1xx_hal.o
    0x200001a4   0x08009a04   0x00000004   PAD
    0x200001a8        -       0x00000200   Zero   RW            2    HEAP                startup_stm32f103xb.o
    0x200003a8        -       0x00000400   Zero   RW            1    STACK               startup_stm32f103xb.o


==============================================================================

Image component sizes


      Code (inc. data)   RO Data    RW Data    ZI Data      Debug   Object Name

       160          0          0          0          0       1557   gpio.o
       128          0          0          0          0       1892   main.o
       196          0          0          0         88       4293   spi.o
        64         26        236          0       1536        800   startup_stm32f103xb.o
       148          0          0          8          4       5756   stm32f1xx_hal.o
       200          0          0          0          0       8514   stm32f1xx_hal_cortex.o
       548         22          0          0          0       4584   stm32f1xx_hal_gpio.o
        66          0          0          0          0       1210   stm32f1xx_hal_msp.o
      1470          0         18          0          0       7686   stm32f1xx_hal_rcc.o
       172          0          0          0          0      22906   stm32f1xx_hal_spi.o
      1780          6          0          0          0      55283   stm32f1xx_hal_tim.o
       126          0          0          0          0      20672   stm32f1xx_hal_tim_ex.o
       226          0          0          0          0      32251   stm32f1xx_hal_uart.o
        32          0          0          0          0       4284   stm32f1xx_it.o
         2          0         24          4          0       1636   system_stm32f1xx.o
       478          0          0          0        144       7774   tim.o
       182          0          0          0         72       4322   usart.o

    ----------------------------------------------------------------------
      6054         54        310         12       1852     185420   Object Totals
         0          0         32          0          0          0   (incl. Generated)
        76          0          0          0          8          0   (incl. Padding)

    ----------------------------------------------------------------------

      Code (inc. data)   RO Data    RW Data    ZI Data      Debug   Library Member Name

         8          0          0          0          0         68   __main.o
         0          0          0          0          0          0   __rtentry.o
        12          0          0          0          0          0   __rtentry2.o
         6          0          0          0          0          0   __rtentry4.o
        52          8          0          0          0          0   __scatter.o
        26          0          0          0          0          0   __scatter_copy.o
        28          0          0          0          0          0   __scatter_zi.o
        18          0          0          0          0         80   exit.o
         6          0          0          0          0        152   heapauxi.o
         0          0          0          0          0          0   indicate_semi.o
         2          0          0          0          0          0   libinit.o
         2          0          0          0          0          0   libinit2.o
         2          0          0          0          0          0   libshutdown.o
         2          0          0          0          0          0   libshutdown2.o
         8          4          0          0         96         68   libspace.o
         2          0          0          0          0          0   rtexit.o
        10          0          0          0          0          0   rtexit2.o
        12          4          0          0          0         68   sys_exit.o
        74          0          0          0          0         80   sys_stackheap_outer.o
         2          0          0          0          0         68   use_no_semi.o

    ----------------------------------------------------------------------
       280         16          0          0         96        584   Library Totals
         8          0          0          0          0          0   (incl. Padding)

    ----------------------------------------------------------------------

      Code (inc. data)   RO Data    RW Data    ZI Data      Debug   Library Name

       272         16          0          0         96        584   c_w.l

    ----------------------------------------------------------------------
       280         16          0          0         96        584   Library Totals

    ----------------------------------------------------------------------

==============================================================================


      Code (inc. data)   RO Data    RW Data    ZI Data      Debug   

      6334         70        310         12       1948     185596   Grand Totals
      6334         70        310         12       1948     185596   ELF Image Totals
      6334         70        310         12          0          0   ROM Totals

==============================================================================

    Total RO  Size (Code + RO Data)                 6644 (   6.49kB)
    Total RW  Size (RW Data + ZI Data)              1960 (   1.91kB)
    Total ROM Size (Code + RO Data + RW Data)       6656 (   6.50kB)

==============================================================================

